// Jest Snapshot v1, https://goo.gl/fbAQLP

exports[`screen: BlockDetails/Transactions matches snapshot 1`] = `
<TransactionsProvider>
  <div
    className="makeStyles-root"
    id="Box"
  >
    <div
      className="makeStyles-header"
    >
      <h2
        className="MuiTypography-root MuiTypography-h2"
      >
        tokens:transactions
      </h2>
      <div
        callback={[Function]}
        id="TransactionsFilter"
      />
    </div>
    <div
      className="makeStyles-list"
      id="TransactionsList"
      useContext={[MockFunction]}
    />
  </div>
</TransactionsProvider>
`;
