// Jest Snapshot v1, https://goo.gl/fbAQLP

exports[`screen: ValidatorDetails/Profile matches snapshot 1`] = `
<div
  className=""
  id="Box"
>
  <div
    className="makeStyles-bio"
  >
    <div
      address="desmosvaloper1rzhewpmmdl72lhnxj6zmxr4v94f522s4hyz467"
      className="makeStyles-avatar makeStyles-desktopAvatar"
      id="Avatar"
      imageUrl=""
    />
    <div>
      <div
        className="bio__header"
      >
        <div
          className="makeStyles-header"
        >
          <div
            address="desmosvaloper1rzhewpmmdl72lhnxj6zmxr4v94f522s4hyz467"
            className="makeStyles-avatar makeStyles-mobile"
            id="Avatar"
            imageUrl=""
          />
          <div
            className="header__content"
          >
            <h2
              className="MuiTypography-root MuiTypography-h2"
            >
              desmosvaloper1rzhewpmmdl72lhnxj6zmxr4v94f522s4hyz467
            </h2>
          </div>
        </div>
      </div>
      <div
        className="bio__content"
      >
        <div
          id="Markdown"
          markdown="Lorem ipsum dolor sit amet, consectetur adipiscing elit. Aenean et quam vestibulum, ullamcorper mauris ut, imperdiet quam. Donec sed fermentum ligula. Quisque et est sit amet augue cursus varius vitae in tortor."
        />
      </div>
    </div>
  </div>
  <hr
    className="MuiDivider-root makeStyles-divider"
  />
  <div>
    <div
      className="makeStyles-item"
    >
      <h4
        className="MuiTypography-root label MuiTypography-h4"
      >
        validators:website
      </h4>
      <a
        className="MuiTypography-root value MuiTypography-body1"
        href="https://www.forbole.com"
        rel="noreferrer"
        target="_blank"
      >
        https://www.forbole.com
      </a>
    </div>
  </div>
</div>
`;
