// Jest Snapshot v1, https://goo.gl/fbAQLP

exports[`screen: TransactionDetails/CreateProposalRequest matches snapshot 1`] = `
<p
  className="MuiTypography-root MuiTypography-body1"
>
  <div
    components={
      Array [
        <Name
          address="address"
          name="address"
        />,
      ]
    }
    i18nKey="message_contents:MsgCreateProposalRequest"
    id="Trans"
  />
</p>
`;
