// Jest Snapshot v1, https://goo.gl/fbAQLP

exports[`screen: Accounts/Tabs matches snapshot 1`] = `
.emotion-0 {
  min-height: 100%;
}

.emotion-1 {
  margin: 16px 0px;
}

.emotion-2 {
  margin-bottom: 16px;
}

.emotion-2 .label {
  margin-bottom: 8px;
  color: #818181;
}

.emotion-2 p.value {
  color: #AAAAAB;
  word-break: break-all;
}

.emotion-2 a {
  color: #1D86FF;
}

.emotion-3 {
  margin: 0;
  font-size: 1rem;
  letter-spacing: 0.15px;
  font-family: "Roboto","Helvetica","Arial",sans-serif;
  font-weight: 400;
  line-height: 1.235;
}

.emotion-4 {
  margin: 0;
  font-size: 1rem;
  white-space: pre-wrap;
  letter-spacing: 0.5px;
  font-family: "Roboto","Helvetica","Arial",sans-serif;
  font-weight: 400;
  line-height: 1.5;
}

.emotion-8 {
  display: -webkit-box;
  display: -webkit-flex;
  display: -ms-flexbox;
  display: flex;
  -webkit-align-items: center;
  -webkit-box-align: center;
  -ms-flex-align: center;
  align-items: center;
  -webkit-box-pack: start;
  -ms-flex-pack: start;
  -webkit-justify-content: flex-start;
  justify-content: flex-start;
  gap: 8px;
  -webkit-box-flex-flow: row nowrap;
  -webkit-flex-flow: row nowrap;
  -ms-flex-flow: row nowrap;
  flex-flow: row nowrap;
}

.emotion-8:hover {
  cursor: pointer;
}

.emotion-9 {
  width: 28px;
  height: 28px;
  min-width: 28px;
  min-height: 28px;
  border-radius: 50%;
  overflow: hidden;
  background: #19191D;
  display: -webkit-box;
  display: -webkit-flex;
  display: -ms-flexbox;
  display: flex;
  -webkit-align-items: center;
  -webkit-box-align: center;
  -ms-flex-align: center;
  align-items: center;
  -webkit-box-pack: center;
  -ms-flex-pack: center;
  -webkit-justify-content: center;
  justify-content: center;
}

.emotion-9 img {
  width: 100%;
  height: 100%;
  object-fit: cover;
  object-position: center center;
}

.emotion-9 {
  -webkit-flex: 0 0 28px;
  -ms-flex: 0 0 28px;
  flex: 0 0 28px;
}

.emotion-10 {
  display: -webkit-inline-box;
  display: -webkit-inline-flex;
  display: -ms-inline-flexbox;
  display: inline-flex;
  -webkit-box-flex-flow: row nowrap;
  -webkit-flex-flow: row nowrap;
  -ms-flex-flow: row nowrap;
  flex-flow: row nowrap;
  white-space: nowrap;
  overflow: hidden;
  max-width: 100%;
  text-align: left;
}

.emotion-10 {
  -webkit-flex: 1 1 auto;
  -ms-flex: 1 1 auto;
  flex: 1 1 auto;
  color: #1D86FF;
}

.emotion-11.emotion-11 {
  letter-spacing: 0;
  display: inline-block;
  -webkit-flex: 0 1 auto;
  -ms-flex: 0 1 auto;
  flex: 0 1 auto;
  overflow: hidden;
  height: 1lh;
  line-height: 1lh;
  max-width: 50%;
  white-space: nowrap;
  text-overflow: ellipsis;
}

.emotion-12.emotion-12 {
  letter-spacing: 0;
  display: inline-block;
  -webkit-flex: 0 1 auto;
  -ms-flex: 0 1 auto;
  flex: 0 1 auto;
  overflow: hidden;
  height: 1lh;
  line-height: 1lh;
  max-width: 50;
  white-space: normal;
  overflow-wrap: anywhere;
}

.emotion-19 {
  margin: 0;
  -webkit-flex-shrink: 0;
  -ms-flex-negative: 0;
  flex-shrink: 0;
  border-width: 0;
  border-style: solid;
  border-color: #3D3D43;
  border-bottom-width: thin;
}

<div
  className="emotion-0"
>
  <div
    className="emotion-1"
  >
    <div
      className="emotion-2"
    >
      <h4
        className="MuiTypography-root MuiTypography-h4 label emotion-3"
      >
        top_rank
      </h4>
      <p
        className="MuiTypography-root MuiTypography-body1 value emotion-4"
      >
        #1
      </p>
    </div>
    <div
      className="emotion-2"
    >
      <h4
        className="MuiTypography-root MuiTypography-h4 label emotion-3"
      >
        top_address
      </h4>
      <p
        className="MuiTypography-root MuiTypography-body1 value emotion-4"
      >
        <a
          aria-label={null}
          aria-labelledby={null}
          data-mui-internal-clone-element={true}
          href="/accounts/cheqvalcon10000000000000000050"
          onBlur={[Function]}
          onClick={[Function]}
          onFocus={[Function]}
          onMouseEnter={[Function]}
          onMouseLeave={[Function]}
          onMouseOver={[Function]}
          onTouchEnd={[Function]}
          onTouchStart={[Function]}
        >
          <span
            className="emotion-8"
          >
            <span
              className="emotion-9"
            >
              <svg
                data-jdenticon-value="cheqvalcon10000000000000000050"
                height="100%"
                width="100%"
              />
            </span>
            <span
              className="emotion-10"
            >
              <span
                className="emotion-11"
              />
              <span
                className="emotion-12"
              >
                name
              </span>
            </span>
          </span>
        </a>
      </p>
    </div>
    <div
      className="emotion-2"
    >
      <h4
        className="MuiTypography-root MuiTypography-h4 label emotion-3"
      >
        top_balance
      </h4>
      <p
        className="MuiTypography-root MuiTypography-body1 value emotion-4"
      >
        5100000000
         
        NCHEQ
      </p>
    </div>
    <div
      className="emotion-2"
    >
      <h4
        className="MuiTypography-root MuiTypography-h4 label emotion-3"
      >
        top_percentage
      </h4>
      <p
        className="MuiTypography-root MuiTypography-body1 value emotion-4"
      >
        51.0000 %
      </p>
    </div>
    <hr
      className="MuiDivider-root MuiDivider-fullWidth emotion-19"
    />
  </div>
  <div
    className="emotion-1"
  >
    <div
      className="emotion-2"
    >
      <h4
        className="MuiTypography-root MuiTypography-h4 label emotion-3"
      >
        top_rank
      </h4>
      <p
        className="MuiTypography-root MuiTypography-body1 value emotion-4"
      >
        #2
      </p>
    </div>
    <div
      className="emotion-2"
    >
      <h4
        className="MuiTypography-root MuiTypography-h4 label emotion-3"
      >
        top_address
      </h4>
      <p
        className="MuiTypography-root MuiTypography-body1 value emotion-4"
      >
        <a
          aria-label={null}
          aria-labelledby={null}
          data-mui-internal-clone-element={true}
          href="/accounts/cheqvalcon10000000000000000049"
          onBlur={[Function]}
          onClick={[Function]}
          onFocus={[Function]}
          onMouseEnter={[Function]}
          onMouseLeave={[Function]}
          onMouseOver={[Function]}
          onTouchEnd={[Function]}
          onTouchStart={[Function]}
        >
          <span
            className="emotion-8"
          >
            <span
              className="emotion-9"
            >
              <svg
                data-jdenticon-value="cheqvalcon10000000000000000049"
                height="100%"
                width="100%"
              />
            </span>
            <span
              className="emotion-10"
            >
              <span
                className="emotion-11"
              />
              <span
                className="emotion-12"
              >
                name
              </span>
            </span>
          </span>
        </a>
      </p>
    </div>
    <div
      className="emotion-2"
    >
      <h4
        className="MuiTypography-root MuiTypography-h4 label emotion-3"
      >
        top_balance
      </h4>
      <p
        className="MuiTypography-root MuiTypography-body1 value emotion-4"
      >
        4900000000
         
        NCHEQ
      </p>
    </div>
    <div
      className="emotion-2"
    >
      <h4
        className="MuiTypography-root MuiTypography-h4 label emotion-3"
      >
        top_percentage
      </h4>
      <p
        className="MuiTypography-root MuiTypography-body1 value emotion-4"
      >
        49.0000 %
      </p>
    </div>
  </div>
</div>
`;
