// Jest Snapshot v1, https://goo.gl/fbAQLP

exports[`screen: Home/Blocks/Mobile matches snapshot 1`] = `
<div>
  <div
    hash="76nwV8zz8tLz9...F66jZhQ857"
    height={
      <ForwardRef(LinkComponent)
        className="value"
        href="/blocks/4000"
        prefetch={false}
        shallow={true}
      >
        4,000
      </ForwardRef(LinkComponent)>
    }
    id="SingleBlockMobile"
    time={
      <Timestamp
        timestamp="2021-02-18T09:02:28.668623"
      />
    }
    txs="12"
  />
</div>
`;
