// Jest Snapshot v1, https://goo.gl/fbAQLP

exports[`screen: BlockDetails/Overview matches snapshot 1`] = `
<div
  details={
    Array [
      Object {
        "detail": <WithStyles(ForwardRef(Typography))
          className="value"
          variant="body1"
        >
          300
        </WithStyles(ForwardRef(Typography))>,
        "label": "blocks:height",
      },
      Object {
        "detail": "hash",
        "label": "blocks:hash",
      },
      Object {
        "detail": <AvatarName
          address="proposer"
          imageUrl=""
          name="proposer"
        />,
        "label": "blocks:proposer",
      },
      Object {
        "detail": "2020-08-10 12:00:00",
        "label": "blocks:time",
      },
      Object {
        "detail": "0",
        "label": "blocks:txs",
      },
    ]
  }
  id="BoxDetails"
  title="blocks:overview"
/>
`;
