// Jest Snapshot v1, https://goo.gl/fbAQLP

exports[`screen: Nav/Network it renders 1`] = `
<div
  className="makeStyles-root"
  onClick={[MockFunction]}
  role="button"
>
  <img
    alt="icon"
    className="makeStyles-icon"
    src="https://raw.githubusercontent.com/forbole/big-dipper-assets/master/desmos/icon.svg?sanitize=true"
  />
  <p
    className="MuiTypography-root MuiTypography-body1"
  >
    morpheus-apollo-1
  </p>
  <svg
    aria-hidden={true}
    className="MuiSvgIcon-root"
    color="#999999"
    focusable="false"
    viewBox="0 0 24 24"
  >
    <path
      d="M16.59 8.59L12 13.17 7.41 8.59 6 10l6 6 6-6z"
    />
  </svg>
</div>
`;
