// Jest Snapshot v1, https://goo.gl/fbAQLP

exports[`screen: Tokens/Mobile matches snapshot 1`] = `
<div
  className="makeStyles-root"
>
  <div
    className="List"
    onScroll={[Function]}
    style={
      Object {
        "WebkitOverflowScrolling": "touch",
        "direction": "ltr",
        "height": 600,
        "overflow": "auto",
        "position": "relative",
        "width": 600,
        "willChange": "transform",
      }
    }
  >
    <div
      style={
        Object {
          "height": NaN,
          "pointerEvents": undefined,
          "width": "100%",
        }
      }
    />
  </div>
</div>
`;
