// Jest Snapshot v1, https://goo.gl/fbAQLP

exports[`screen: Validators/List matches snapshot 1`] = `
<div
  exists={true}
  id="LoadAndExist"
  loading={true}
>
  <div
    className=""
    id="Box"
  >
    <div
      handleSearch={[Function]}
      handleTabChange={[Function]}
      id="Tabs"
      tab={1}
    />
    <div
      className="makeStyles-list"
    >
      <div
        id="NoData"
      />
    </div>
  </div>
</div>
`;
