// Jest Snapshot v1, https://goo.gl/fbAQLP

exports[`screen: Home/DataBlocks matches snapshot 1`] = `
<div
  className="makeStyles-root"
>
  <div
    className="makeStyles-blockHeight"
    id="SingleBlock"
    label="latestBlock"
    value="953,992"
  />
  <div
    className="makeStyles-blockTime"
    id="SingleBlock"
    label="averageBlockTime"
    value="6.54 s"
  />
  <div
    className="makeStyles-price"
    id="SingleBlock"
    label="price"
    value="N/A"
  />
  <div
    className="makeStyles-validators"
    description="outOfValidators"
    id="SingleBlock"
    label="activeValidators"
    value="200"
  />
</div>
`;
