// Jest Snapshot v1, https://goo.gl/fbAQLP

exports[`screen: TransactionDetails/CreateBatchRequest matches snapshot 1`] = `
<p
  className="MuiTypography-root MuiTypography-body1"
>
  <div
    components={
      Array [
        <Unknown
          address="issuer"
          name="issuer"
        />,
      ]
    }
    i18nKey="message_contents:MsgCreateBatchRequest"
    id="Trans"
  />
</p>
`;
