// Jest Snapshot v1, https://goo.gl/fbAQLP

exports[`screen: BlockDetails matches snapshot 1`] = `
<div
  className="makeStyles-root"
  id="Layout"
  navTitle="blocks:blockDetails"
>
  <div
    id="Overview"
  />
  <div
    className="makeStyles-signatures"
    id="Signatures"
  />
  <div
    id="Transactions"
  />
</div>
`;
