// Jest Snapshot v1, https://goo.gl/fbAQLP

exports[`screen: BlockDetails matches snapshot 1`] = `
<div
  id="Layout"
  navTitle="blocks:blockDetails"
  title="blocks:blockDetails"
>
  <div
    exists={true}
    id="LoadAndExist"
    loading={false}
  >
    <span
      className="makeStyles-root"
    >
      <div
        hash="A8067C16018C78B7729FEA891A292C559C7E565B61524E0162C0C30A9BC2A467"
        height={300}
        id="Overview"
        proposer={
    <div
      hash="E568ACFE5717F79A44979563410FF7F6C3043A07307E541EF21E15FC478C3DF0"
      height={999}
      id="Overview"
      proposer={
        Object {
          "address": "desmosvaloper18kvwy5hzcu3ss08lcfcnx0eajuecg69uvk76c3",
          "imageUrl": null,
          "name": "moniker",
        }
      }
      timestamp="2021-04-27T16:27:34.331769"
      txs={1}
    />
    <div
      className="makeStyles-signatures"
      id="Signatures"
      signatures={
        Array [
          Object {
            "address": "desmosvaloper1qlh47ty9ah2d5e0xq6gsvqjvfulljl9602k7f9",
            "imageUrl": null,
            "name": "moniker",
          }
        }
        timestamp="2021-04-27T15:26:36.986315"
        txs={0}
      />
      <div
        className="makeStyles-signatures"
        id="Signatures"
        signatures={
          Array [
            Object {
              "address": "desmosvaloper18kvwy5hzcu3ss08lcfcnx0eajuecg69uvk76c3",
              "imageUrl": null,
              "name": "moniker",
            },
          ]
        }
      />
      <div
        id="Transactions"
        transactions={Array []}
      />
    </span>
  </div>
          },
        ]
      }
    />
    <div
      id="Transactions"
      transactions={
        Array [
          Object {
            "hash": "393310C681CB39E09CD3AC16C600DBFDACB2DF5085277DA81E52698620C06136",
            "height": 999,
            "messages": 1,
            "success": true,
            "timestamp": "2021-04-27T16:27:34.331769",
          },
        ]
      }
    />
  </span>
</div>
`;
