// Jest Snapshot v1, https://goo.gl/fbAQLP

exports[`screen: Blocks/List matches snapshot 1`] = `
<BlocksProvider>
  <div
    className="makeStyles-root"
    id="Box"
  >
    <div
      className="makeStyles-mobile"
      id="Mobile"
    />
    <div
      className="makeStyles-desktop"
      id="Desktop"
    />
  </div>
</BlocksProvider>
`;
