// Jest Snapshot v1, https://goo.gl/fbAQLP

exports[`screen: Home/Blocks/Mobile matches snapshot 1`] = `
<div
  className="makeStyles-root"
>
  <div
    className="List"
    onScroll={[Function]}
    style={
      Object {
        "WebkitOverflowScrolling": "touch",
        "direction": "ltr",
        "height": 600,
        "overflow": "auto",
        "position": "relative",
        "width": 600,
        "willChange": "transform",
      }
    }
  >
    <div
      style={
        Object {
          "height": 200,
          "pointerEvents": undefined,
          "width": "100%",
        }
      }
    >
      <div
        style={
          Object {
            "height": 100,
            "left": 0,
            "position": "absolute",
            "right": undefined,
            "top": 0,
            "width": "100%",
          }
        }
      >
        <div>
          <div
            className="makeStyles-root"
          >
            <div
              className="makeStyles-item"
            >
              <h4
                className="MuiTypography-root label MuiTypography-h4"
              >
                tokens:token
              </h4>
              <div
                address="9n4nbM75f5Ui33ZbPYXn59EwSgE8CGsHtAeTH5YFeJ9E"
                href={[Function]}
                id="AvatarName"
                imageUrl="https://raw.githubusercontent.com/solana-labs/token-list/main/assets/mainnet/G2jrxYSoCSzmohxERa2JzSJMuRM4kiNvRA3DnCv7Lzcz/logo.png"
                name="BTC"
              />
            </div>
            <div
              className="makeStyles-item"
            >
              <h4
                className="MuiTypography-root label MuiTypography-h4"
              >
                tokens:price
              </h4>
              <p
                className="MuiTypography-root value MuiTypography-body1"
              >
                $1,802
              </p>
            </div>
            <div
              className="makeStyles-item"
            >
              <h4
                className="MuiTypography-root label MuiTypography-h4"
              >
                tokens:marketCap
              </h4>
              <p
                className="MuiTypography-root value MuiTypography-body1"
              >
                $515,912,496
              </p>
            </div>
            <div
              className="makeStyles-item"
            >
              <h4
                className="MuiTypography-root label MuiTypography-h4"
              >
                tokens:volume
              </h4>
              <p
                className="MuiTypography-root value MuiTypography-body1"
              >
                $18,333,060
              </p>
            </div>
          </div>
          <hr
            className="MuiDivider-root"
          />
        </div>
      </div>
      <div
        style={
          Object {
            "height": 100,
            "left": 0,
            "position": "absolute",
            "right": undefined,
            "top": 100,
            "width": "100%",
          }
        }
      >
        <div>
          <div
            className="makeStyles-root"
          >
            <div
              className="makeStyles-item"
            >
              <h4
                className="MuiTypography-root label MuiTypography-h4"
              >
                tokens:token
              </h4>
            </div>
            <div
              className="makeStyles-item"
            >
              <h4
                className="MuiTypography-root label MuiTypography-h4"
              >
                tokens:price
              </h4>
              <p
                className="MuiTypography-root value MuiTypography-body1"
              />
            </div>
            <div
              className="makeStyles-item"
            >
              <h4
                className="MuiTypography-root label MuiTypography-h4"
              >
                tokens:marketCap
              </h4>
              <p
                className="MuiTypography-root value MuiTypography-body1"
              />
            </div>
            <div
              className="makeStyles-item"
            >
              <h4
                className="MuiTypography-root label MuiTypography-h4"
              >
                tokens:volume
              </h4>
              <p
                className="MuiTypography-root value MuiTypography-body1"
              />
            </div>
          </div>
        </div>
      </div>
    </div>
  </div>
</div>
`;
