// Jest Snapshot v1, https://goo.gl/fbAQLP

exports[`screen: TransactionDetails/IssueDenom matches snapshot 1`] = `
[
  <div
    address="desmos1hfhkduejung7g29wv863x369rndf3hu5xj4g93"
    id="desmos1hfhkduejung7g29wv863x369rndf3hu5xj4g93"
    name="desmos1hfhkduejung7g29wv863x369rndf3hu5xj4g93"
  />,
  ", ",
  <div
    address="desmosvaloper14nfk5gm99gfrd7nwqtmtvzunzclz8720a6cqh7"
    id="desmosvaloper14nfk5gm99gfrd7nwqtmtvzunzclz8720a6cqh7"
    name="AC Validator 🦦"
  />,
  ", ",
  <div
    address="desmosvaloper1jh753mzjy358jf86cfqqzkrrtqqefhjxctcre4"
    id="desmosvaloper1jh753mzjy358jf86cfqqzkrrtqqefhjxctcre4"
    name="desmosvaloper1jh753mzjy358jf86cfqqzkrrtqqefhjxctcre4"
  />,
  " and ",
  <div
    address="desmosvaloper1rzhewpmmdl72lhnxj6zmxr4v94f522s4hyz467"
    id="desmosvaloper1rzhewpmmdl72lhnxj6zmxr4v94f522s4hyz467"
    name="desmosvaloper1rzhewpmmdl72lhnxj6zmxr4v94f522s4hyz467"
  />,
]
`;
