// Jest Snapshot v1, https://goo.gl/fbAQLP

exports[`screen: BlockDetails/Overview matches snapshot 1`] = `
.emotion-0 .memo {
  -webkit-align-items: flex-start;
  -webkit-box-align: flex-start;
  -ms-flex-align: flex-start;
  align-items: flex-start;
}

.emotion-0 .memo .label {
  margin-right: 40px;
}

<div
  className="emotion-0"
  details={
    [
      {
        "detail": "",
        "key": "hash",
        "label": "hash",
      },
      {
        "detail": <ForwardRef(LinkComponent)
          className="value"
          href="/blocks/0"
          shallow={true}
        >
          0
        </ForwardRef(LinkComponent)>,
        "key": "height",
        "label": "height",
      },
      {
        "detail": "2020-08-10 12:00:00",
        "key": "time",
        "label": "time",
      },
      {
        "detail": "5,000 DARIC",
        "key": "fee",
        "label": "fee",
      },
      {
        "detail": "0 ",
        "key": "gas",
        "label": "gas",
      },
      {
        "className": "memo",
        "detail": "",
        "key": "memo",
        "label": "memo",
      },
    ]
  }
  id="BoxDetails"
  title="overview"
/>
`;
