// Jest Snapshot v1, https://goo.gl/fbAQLP

exports[`screen: BlockDetails/Overview matches snapshot 1`] = `
<div
  className="makeStyles-root"
  details={
    Array [
      Object {
        "detail": "",
        "label": "transactions:hash",
      },
      Object {
        "detail": <Link
          href="/blocks/0"
          passHref={true}
        >
          <WithStyles(ForwardRef(Typography))
            className="value"
            component="a"
            variant="body1"
          >
            0
          </WithStyles(ForwardRef(Typography))>
        </Link>,
        "label": "transactions:height",
      },
      Object {
        "detail": "2020-08-10 12:00:00",
        "label": "transactions:time",
      },
      Object {
        "detail": "5,000 DARIC",
        "label": "transactions:fee",
      },
      Object {
        "detail": "0 / 0",
        "label": "transactions:gas",
      },
      Object {
        "detail": <Result
          success={false}
        />,
        "label": "transactions:result",
      },
      Object {
        "className": "memo",
        "detail": "",
        "label": "transactions:memo",
      },
      Object {
        "className": "memo",
        "detail": "",
        "label": "transactions:error",
      },
    ]
  }
  id="BoxDetails"
  title="transactions:overview"
/>
`;
