// Jest Snapshot v1, https://goo.gl/fbAQLP

exports[`screen: Transactions/List matches snapshot 1`] = `
<div
  id="Box"
>
  <div
    className="makeStyles-root"
  >
    <div
      className="makeStyles-content"
    >
      <svg />
      <p
        className="MuiTypography-root MuiTypography-body1"
      >
        nothingToShow
      </p>
    </div>
  </div>
  <div
    className="makeStyles-paginate"
    handleChangePage={[Function]}
    handleChangeRowsPerPage={[Function]}
    id="Pagination"
    page={0}
    rowsPerPage={25}
    total={5005}
  />
</div>
`;
