// Jest Snapshot v1, https://goo.gl/fbAQLP

exports[`screen: BlockDetails/Transactions matches snapshot 1`] = `
<div
  className="makeStyles-root"
  id="Box"
>
  <div
    className="makeStyles-header"
  >
    <h2
      className="MuiTypography-root MuiTypography-h2"
    >
      transactions:transactions
    </h2>
  </div>
  <div
    className="makeStyles-list"
    hasNextPage={false}
    id="TransactionsList"
    isItemLoaded={[Function]}
    isNextPageLoading={false}
    itemCount={2}
    loadMoreItems={[Function]}
    loadNextPage={[Function]}
    transactions={
      Array [
        Object {
          "hash": "hash",
          "height": 300,
          "messages": Object {
            "count": 3,
            "items": Array [],
          },
          "success": false,
          "timestamp": "",
        },
        Object {
          "hash": "hash1",
          "height": 300,
          "messages": Object {
            "count": 13,
            "items": Array [],
          },
          "success": true,
          "timestamp": "",
        },
      ]
    }
  />
</div>
`;
