// Jest Snapshot v1, https://goo.gl/fbAQLP

exports[`screen: Nav/NetworkList it renders 1`] = `
<div
  className="MuiBox-root MuiBox-root makeStyles-root"
>
  <div
    style={
      Object {
        "height": 30,
      }
    }
  >
    < />
  </div>
  <Networks
    className="makeStyles-content"
  />
</div>
`;
