// Jest Snapshot v1, https://goo.gl/fbAQLP

exports[`screen: Home/Blocks/Mobile matches snapshot 1`] = `
<BlocksProvider>
  <div
    className="makeStyles-root"
    id="Box"
  >
    <div
      className="makeStyles-label"
    >
      <h2
        className="MuiTypography-root MuiTypography-h2"
      >
        latestBlocks
      </h2>
      <a
        className="MuiTypography-root button MuiTypography-h4"
        href="/blocks"
        onClick={[Function]}
        onMouseEnter={[Function]}
      >
        seeMore
      </a>
    </div>
    <div
      className="makeStyles-mobile"
      id="Mobile"
    />
    <div
      className="makeStyles-desktop"
      id="Desktop"
    />
    <hr
      className="MuiDivider-root makeStyles-mobile"
    />
    <a
      className="MuiTypography-root makeStyles-seeMoreFooter makeStyles-mobile button MuiTypography-h4"
      href="/blocks"
      onClick={[Function]}
      onMouseEnter={[Function]}
    >
      seeMore
    </a>
  </div>
</BlocksProvider>
`;
