// Jest Snapshot v1, https://goo.gl/fbAQLP

exports[`screen: Nav/Menu it renders 1`] = `
Array [
  <div
    anchor="bottom"
    className="makeStyles-drawer lang-drawer"
    id="drawer"
    onClose={[Function]}
    open={false}
  >
    <div
      className="content"
    >
      <div>
        <a
          aria-disabled={false}
          className="MuiButtonBase-root MuiListItem-root MuiMenuItem-root MuiMenuItem-gutters MuiListItem-gutters MuiListItem-button"
          href="/app/home?key=val"
          onBlur={[Function]}
          onClick={[Function]}
          onDragLeave={[Function]}
          onFocus={[Function]}
          onKeyDown={[Function]}
          onKeyUp={[Function]}
          onMouseDown={[Function]}
          onMouseEnter={[Function]}
          onMouseLeave={[Function]}
          onMouseUp={[Function]}
          onTouchEnd={[Function]}
          onTouchMove={[Function]}
          onTouchStart={[Function]}
          role="menuitem"
          tabIndex={-1}
        >
          zh
          <span
            className="MuiTouchRipple-root"
          />
        </a>
      </div>
    </div>
  </div>,
  <div
    anchor="bottom"
    className="makeStyles-drawer"
    id="drawer"
    onClose={[Function]}
    open={false}
  >
    <div
      className="content"
    />
  </div>,
  <div
    className="makeStyles-root"
  >
    <div
      className="makeStyles-menu"
    >
      <ul
        className="MuiList-root MuiList-padding"
      >
        <a
          aria-disabled={false}
          className="MuiButtonBase-root MuiListItem-root makeStyles-root MuiListItem-gutters MuiListItem-button"
          href="/"
          onBlur={[Function]}
          onClick={[Function]}
          onDragLeave={[Function]}
          onFocus={[Function]}
          onKeyDown={[Function]}
          onKeyUp={[Function]}
          onMouseDown={[Function]}
          onMouseEnter={[Function]}
          onMouseLeave={[Function]}
          onMouseUp={[Function]}
          onTouchEnd={[Function]}
          onTouchMove={[Function]}
          onTouchStart={[Function]}
          tabIndex={0}
        >
          <div
            className="MuiListItemIcon-root"
          >
            <
              height={24}
              width={24}
            />
          </div>
          <div
            className="MuiListItemText-root"
          >
            <span
              className="MuiTypography-root MuiListItemText-primary MuiTypography-body1 MuiTypography-displayBlock"
            >
              overview
            </span>
          </div>
          <span
            className="MuiTouchRipple-root"
          />
        </a>
        <a
          aria-disabled={false}
          className="MuiButtonBase-root MuiListItem-root makeStyles-root MuiListItem-gutters MuiListItem-button"
          href="/blocks"
          onBlur={[Function]}
          onClick={[Function]}
          onDragLeave={[Function]}
          onFocus={[Function]}
          onKeyDown={[Function]}
          onKeyUp={[Function]}
          onMouseDown={[Function]}
          onMouseEnter={[Function]}
          onMouseLeave={[Function]}
          onMouseUp={[Function]}
          onTouchEnd={[Function]}
          onTouchMove={[Function]}
          onTouchStart={[Function]}
          tabIndex={0}
        >
          <div
            className="MuiListItemIcon-root"
          >
            <
              height={24}
              width={24}
            />
          </div>
          <div
            className="MuiListItemText-root"
          >
            <span
              className="MuiTypography-root MuiListItemText-primary MuiTypography-body1 MuiTypography-displayBlock"
            >
              blocks
            </span>
          </div>
          <span
            className="MuiTouchRipple-root"
          />
        </a>
        <a
          aria-disabled={false}
          className="MuiButtonBase-root MuiListItem-root makeStyles-root MuiListItem-gutters MuiListItem-button"
          href="/validators"
          onBlur={[Function]}
          onClick={[Function]}
          onDragLeave={[Function]}
          onFocus={[Function]}
          onKeyDown={[Function]}
          onKeyUp={[Function]}
          onMouseDown={[Function]}
          onMouseEnter={[Function]}
          onMouseLeave={[Function]}
          onMouseUp={[Function]}
          onTouchEnd={[Function]}
          onTouchMove={[Function]}
          onTouchStart={[Function]}
          tabIndex={0}
        >
          <div
            className="MuiListItemIcon-root"
          >
            <
              height={24}
              width={24}
            />
          </div>
          <div
            className="MuiListItemText-root"
          >
            <span
              className="MuiTypography-root MuiListItemText-primary MuiTypography-body1 MuiTypography-displayBlock"
            >
              validators
            </span>
          </div>
          <span
            className="MuiTouchRipple-root"
          />
        </a>
        <a
          aria-disabled={false}
          className="MuiButtonBase-root MuiListItem-root makeStyles-root MuiListItem-gutters MuiListItem-button"
          href="/transactions"
          onBlur={[Function]}
          onClick={[Function]}
          onDragLeave={[Function]}
          onFocus={[Function]}
          onKeyDown={[Function]}
          onKeyUp={[Function]}
          onMouseDown={[Function]}
          onMouseEnter={[Function]}
          onMouseLeave={[Function]}
          onMouseUp={[Function]}
          onTouchEnd={[Function]}
          onTouchMove={[Function]}
          onTouchStart={[Function]}
          tabIndex={0}
        >
          <div
            className="MuiListItemIcon-root"
          >
            <
              height={24}
              width={24}
            />
          </div>
          <div
            className="MuiListItemText-root"
          >
            <span
              className="MuiTypography-root MuiListItemText-primary MuiTypography-body1 MuiTypography-displayBlock"
            >
              transactions
            </span>
          </div>
          <span
            className="MuiTouchRipple-root"
          />
        </a>
        <a
          aria-disabled={false}
          className="MuiButtonBase-root MuiListItem-root makeStyles-root MuiListItem-gutters MuiListItem-button"
          href="/tokens"
          onBlur={[Function]}
          onClick={[Function]}
          onDragLeave={[Function]}
          onFocus={[Function]}
          onKeyDown={[Function]}
          onKeyUp={[Function]}
          onMouseDown={[Function]}
          onMouseEnter={[Function]}
          onMouseLeave={[Function]}
          onMouseUp={[Function]}
          onTouchEnd={[Function]}
          onTouchMove={[Function]}
          onTouchStart={[Function]}
          tabIndex={0}
        >
          <div
            className="MuiListItemIcon-root"
          >
            <
              height={24}
              width={24}
            />
          </div>
          <div
            className="MuiListItemText-root"
          >
            <span
              className="MuiTypography-root MuiListItemText-primary MuiTypography-body1 MuiTypography-displayBlock"
            >
              tokens
            </span>
          </div>
          <span
            className="MuiTouchRipple-root"
          />
        </a>
        <a
          aria-disabled={false}
          className="MuiButtonBase-root MuiListItem-root makeStyles-root MuiListItem-gutters MuiListItem-button"
          href="/epoch"
          onBlur={[Function]}
          onClick={[Function]}
          onDragLeave={[Function]}
          onFocus={[Function]}
          onKeyDown={[Function]}
          onKeyUp={[Function]}
          onMouseDown={[Function]}
          onMouseEnter={[Function]}
          onMouseLeave={[Function]}
          onMouseUp={[Function]}
          onTouchEnd={[Function]}
          onTouchMove={[Function]}
          onTouchStart={[Function]}
          tabIndex={0}
        >
          <div
            className="MuiListItemIcon-root"
          >
            <
              height={24}
              width={24}
            />
          </div>
          <div
            className="MuiListItemText-root"
          >
            <span
              className="MuiTypography-root MuiListItemText-primary MuiTypography-body1 MuiTypography-displayBlock"
            >
              epoch
            </span>
          </div>
          <span
            className="MuiTouchRipple-root"
          />
        </a>
      </ul>
    </div>
    <div
      className="makeStyles-footerActions"
    >
      <div
        className="makeStyles-language"
        onClick={[Function]}
        role="button"
      >
        < />
        <span
          className="MuiTypography-root MuiTypography-caption"
        />
        <svg
          aria-hidden={true}
          className="MuiSvgIcon-root MuiSvgIcon-fontSizeSmall"
          color="#999999"
          focusable="false"
          viewBox="0 0 24 24"
        >
          <path
            d="M16.59 8.59L12 13.17 7.41 8.59 6 10l6 6 6-6-1.41-1.41z"
          />
        </svg>
      </div>
      <div
        className="makeStyles-theme"
        onClick={[Function]}
        role="button"
      >
        <span
          role="button"
        >
          < />
        </span>
        <span
          className="MuiTypography-root MuiTypography-caption"
        >
          dark
        </span>
      </div>
    </div>
  </div>,
]
`;
