// Jest Snapshot v1, https://goo.gl/fbAQLP

exports[`screen: TokenDetails/Holders/Desktop matches snapshot 1`] = `
<div
  className=""
>
  <table
    className="MuiTable-root"
    role={null}
  >
    <thead
      className="MuiTableHead-root"
      role={null}
    >
      <tr
        className="MuiTableRow-root MuiTableRow-head"
        role={null}
      >
        <th
          aria-sort={null}
          className="MuiTableCell-root MuiTableCell-head"
          scope="col"
          style={
            Object {
              "width": "10%",
            }
          }
        >
          rank
        </th>
        <th
          aria-sort={null}
          className="MuiTableCell-root MuiTableCell-head"
          scope="col"
          style={
            Object {
              "width": "30%",
            }
          }
        >
          address
        </th>
        <th
          aria-sort={null}
          className="MuiTableCell-root MuiTableCell-head MuiTableCell-alignRight"
          scope="col"
          style={
            Object {
              "width": "20%",
            }
          }
        >
          quantity
        </th>
        <th
          aria-sort={null}
          className="MuiTableCell-root MuiTableCell-head"
          scope="col"
          style={
            Object {
              "width": "20%",
            }
          }
        >
          percentage
        </th>
        <th
          aria-sort={null}
          className="MuiTableCell-root MuiTableCell-head MuiTableCell-alignRight"
          scope="col"
          style={
            Object {
              "width": "20%",
            }
          }
        >
          value
        </th>
      </tr>
    </thead>
    <tbody
      className="MuiTableBody-root"
      role={null}
    >
      <tr
        className="MuiTableRow-root"
        role={null}
      >
        <td
          aria-sort={null}
          className="MuiTableCell-root MuiTableCell-body"
          style={
            Object {
              "width": "10%",
            }
          }
        >
          # 1
        </td>
        <td
          aria-sort={null}
          className="MuiTableCell-root MuiTableCell-body"
          style={
            Object {
              "width": "30%",
            }
          }
        >
          <a
            className="MuiTypography-root value MuiTypography-body1"
            href="/accounts/6gfi6GSjrhqc5xDLtDkVrTR61Hi7GMNPmJknxvbqzb1x"
            onClick={[Function]}
            onMouseEnter={[Function]}
          >
            6gfi6GSjrhqc5xDLtDkVrTR61Hi7GMNPmJknxvbqzb1x
          </a>
        </td>
        <td
          aria-sort={null}
          className="MuiTableCell-root MuiTableCell-body MuiTableCell-alignRight"
          style={
            Object {
              "width": "20%",
            }
          }
        >
          430,012,872.844027
        </td>
        <td
          aria-sort={null}
          className="MuiTableCell-root MuiTableCell-body"
          style={
            Object {
              "width": "20%",
            }
          }
        >
          <div
            id="StackBar"
            percentage={3.1754}
          />
        </td>
        <td
          aria-sort={null}
          className="MuiTableCell-root MuiTableCell-body MuiTableCell-alignRight"
          style={
            Object {
              "width": "20%",
            }
          }
        >
          $429,656,822.19
        </td>
      </tr>
      <tr
        className="MuiTableRow-root"
        role={null}
      >
        <td
          aria-sort={null}
          className="MuiTableCell-root MuiTableCell-body"
          style={
            Object {
              "width": "10%",
            }
          }
        >
          # 2
        </td>
        <td
          aria-sort={null}
          className="MuiTableCell-root MuiTableCell-body"
          style={
            Object {
              "width": "30%",
            }
          }
        >
          <a
            className="MuiTypography-root value MuiTypography-body1"
            href="/accounts/6gfi6GSjrhqc5xDLtDkVrTR61Hi7GMNPmJknxvbqzb1x"
            onClick={[Function]}
            onMouseEnter={[Function]}
          >
            6gfi6GSjrhqc5xDLtDkVrTR61Hi7GMNPmJknxvbqzb1x
          </a>
        </td>
        <td
          aria-sort={null}
          className="MuiTableCell-root MuiTableCell-body MuiTableCell-alignRight"
          style={
            Object {
              "width": "20%",
            }
          }
        >
          430,012,872.844027
        </td>
        <td
          aria-sort={null}
          className="MuiTableCell-root MuiTableCell-body"
          style={
            Object {
              "width": "20%",
            }
          }
        >
          <div
            id="StackBar"
            percentage={3.1754}
          />
        </td>
        <td
          aria-sort={null}
          className="MuiTableCell-root MuiTableCell-body MuiTableCell-alignRight"
          style={
            Object {
              "width": "20%",
            }
          }
        >
          $429,656,822.19
        </td>
      </tr>
      <tr
        className="MuiTableRow-root"
        role={null}
      >
        <td
          aria-sort={null}
          className="MuiTableCell-root MuiTableCell-body"
          style={
            Object {
              "width": "10%",
            }
          }
        >
          # 3
        </td>
        <td
          aria-sort={null}
          className="MuiTableCell-root MuiTableCell-body"
          style={
            Object {
              "width": "30%",
            }
          }
        >
          <a
            className="MuiTypography-root value MuiTypography-body1"
            href="/accounts/6gfi6GSjrhqc5xDLtDkVrTR61Hi7GMNPmJknxvbqzb1x"
            onClick={[Function]}
            onMouseEnter={[Function]}
          >
            6gfi6GSjrhqc5xDLtDkVrTR61Hi7GMNPmJknxvbqzb1x
          </a>
        </td>
        <td
          aria-sort={null}
          className="MuiTableCell-root MuiTableCell-body MuiTableCell-alignRight"
          style={
            Object {
              "width": "20%",
            }
          }
        >
          430,012,872.844027
        </td>
        <td
          aria-sort={null}
          className="MuiTableCell-root MuiTableCell-body"
          style={
            Object {
              "width": "20%",
            }
          }
        >
          <div
            id="StackBar"
            percentage={3.1754}
          />
        </td>
        <td
          aria-sort={null}
          className="MuiTableCell-root MuiTableCell-body MuiTableCell-alignRight"
          style={
            Object {
              "width": "20%",
            }
          }
        >
          $429,656,822.19
        </td>
      </tr>
      <tr
        className="MuiTableRow-root"
        role={null}
      >
        <td
          aria-sort={null}
          className="MuiTableCell-root MuiTableCell-body"
          style={
            Object {
              "width": "10%",
            }
          }
        >
          # 4
        </td>
        <td
          aria-sort={null}
          className="MuiTableCell-root MuiTableCell-body"
          style={
            Object {
              "width": "30%",
            }
          }
        >
          <a
            className="MuiTypography-root value MuiTypography-body1"
            href="/accounts/6gfi6GSjrhqc5xDLtDkVrTR61Hi7GMNPmJknxvbqzb1x"
            onClick={[Function]}
            onMouseEnter={[Function]}
          >
            6gfi6GSjrhqc5xDLtDkVrTR61Hi7GMNPmJknxvbqzb1x
          </a>
        </td>
        <td
          aria-sort={null}
          className="MuiTableCell-root MuiTableCell-body MuiTableCell-alignRight"
          style={
            Object {
              "width": "20%",
            }
          }
        >
          430,012,872.844027
        </td>
        <td
          aria-sort={null}
          className="MuiTableCell-root MuiTableCell-body"
          style={
            Object {
              "width": "20%",
            }
          }
        >
          <div
            id="StackBar"
            percentage={3.1754}
          />
        </td>
        <td
          aria-sort={null}
          className="MuiTableCell-root MuiTableCell-body MuiTableCell-alignRight"
          style={
            Object {
              "width": "20%",
            }
          }
        >
          $429,656,822.19
        </td>
      </tr>
      <tr
        className="MuiTableRow-root"
        role={null}
      >
        <td
          aria-sort={null}
          className="MuiTableCell-root MuiTableCell-body"
          style={
            Object {
              "width": "10%",
            }
          }
        >
          # 5
        </td>
        <td
          aria-sort={null}
          className="MuiTableCell-root MuiTableCell-body"
          style={
            Object {
              "width": "30%",
            }
          }
        >
          <a
            className="MuiTypography-root value MuiTypography-body1"
            href="/accounts/6gfi6GSjrhqc5xDLtDkVrTR61Hi7GMNPmJknxvbqzb1x"
            onClick={[Function]}
            onMouseEnter={[Function]}
          >
            6gfi6GSjrhqc5xDLtDkVrTR61Hi7GMNPmJknxvbqzb1x
          </a>
        </td>
        <td
          aria-sort={null}
          className="MuiTableCell-root MuiTableCell-body MuiTableCell-alignRight"
          style={
            Object {
              "width": "20%",
            }
          }
        >
          430,012,872.844027
        </td>
        <td
          aria-sort={null}
          className="MuiTableCell-root MuiTableCell-body"
          style={
            Object {
              "width": "20%",
            }
          }
        >
          <div
            id="StackBar"
            percentage={3.1754}
          />
        </td>
        <td
          aria-sort={null}
          className="MuiTableCell-root MuiTableCell-body MuiTableCell-alignRight"
          style={
            Object {
              "width": "20%",
            }
          }
        >
          $429,656,822.19
        </td>
      </tr>
      <tr
        className="MuiTableRow-root"
        role={null}
      >
        <td
          aria-sort={null}
          className="MuiTableCell-root MuiTableCell-body"
          style={
            Object {
              "width": "10%",
            }
          }
        >
          # 6
        </td>
        <td
          aria-sort={null}
          className="MuiTableCell-root MuiTableCell-body"
          style={
            Object {
              "width": "30%",
            }
          }
        >
          <a
            className="MuiTypography-root value MuiTypography-body1"
            href="/accounts/6gfi6GSjrhqc5xDLtDkVrTR61Hi7GMNPmJknxvbqzb1x"
            onClick={[Function]}
            onMouseEnter={[Function]}
          >
            6gfi6GSjrhqc5xDLtDkVrTR61Hi7GMNPmJknxvbqzb1x
          </a>
        </td>
        <td
          aria-sort={null}
          className="MuiTableCell-root MuiTableCell-body MuiTableCell-alignRight"
          style={
            Object {
              "width": "20%",
            }
          }
        >
          430,012,872.844027
        </td>
        <td
          aria-sort={null}
          className="MuiTableCell-root MuiTableCell-body"
          style={
            Object {
              "width": "20%",
            }
          }
        >
          <div
            id="StackBar"
            percentage={3.1754}
          />
        </td>
        <td
          aria-sort={null}
          className="MuiTableCell-root MuiTableCell-body MuiTableCell-alignRight"
          style={
            Object {
              "width": "20%",
            }
          }
        >
          $429,656,822.19
        </td>
      </tr>
      <tr
        className="MuiTableRow-root"
        role={null}
      >
        <td
          aria-sort={null}
          className="MuiTableCell-root MuiTableCell-body"
          style={
            Object {
              "width": "10%",
            }
          }
        >
          # 7
        </td>
        <td
          aria-sort={null}
          className="MuiTableCell-root MuiTableCell-body"
          style={
            Object {
              "width": "30%",
            }
          }
        >
          <a
            className="MuiTypography-root value MuiTypography-body1"
            href="/accounts/6gfi6GSjrhqc5xDLtDkVrTR61Hi7GMNPmJknxvbqzb1x"
            onClick={[Function]}
            onMouseEnter={[Function]}
          >
            6gfi6GSjrhqc5xDLtDkVrTR61Hi7GMNPmJknxvbqzb1x
          </a>
        </td>
        <td
          aria-sort={null}
          className="MuiTableCell-root MuiTableCell-body MuiTableCell-alignRight"
          style={
            Object {
              "width": "20%",
            }
          }
        >
          430,012,872.844027
        </td>
        <td
          aria-sort={null}
          className="MuiTableCell-root MuiTableCell-body"
          style={
            Object {
              "width": "20%",
            }
          }
        >
          <div
            id="StackBar"
            percentage={3.1754}
          />
        </td>
        <td
          aria-sort={null}
          className="MuiTableCell-root MuiTableCell-body MuiTableCell-alignRight"
          style={
            Object {
              "width": "20%",
            }
          }
        >
          $429,656,822.19
        </td>
      </tr>
      <tr
        className="MuiTableRow-root"
        role={null}
      >
        <td
          aria-sort={null}
          className="MuiTableCell-root MuiTableCell-body"
          style={
            Object {
              "width": "10%",
            }
          }
        >
          # 8
        </td>
        <td
          aria-sort={null}
          className="MuiTableCell-root MuiTableCell-body"
          style={
            Object {
              "width": "30%",
            }
          }
        >
          <a
            className="MuiTypography-root value MuiTypography-body1"
            href="/accounts/6gfi6GSjrhqc5xDLtDkVrTR61Hi7GMNPmJknxvbqzb1x"
            onClick={[Function]}
            onMouseEnter={[Function]}
          >
            6gfi6GSjrhqc5xDLtDkVrTR61Hi7GMNPmJknxvbqzb1x
          </a>
        </td>
        <td
          aria-sort={null}
          className="MuiTableCell-root MuiTableCell-body MuiTableCell-alignRight"
          style={
            Object {
              "width": "20%",
            }
          }
        >
          430,012,872.844027
        </td>
        <td
          aria-sort={null}
          className="MuiTableCell-root MuiTableCell-body"
          style={
            Object {
              "width": "20%",
            }
          }
        >
          <div
            id="StackBar"
            percentage={3.1754}
          />
        </td>
        <td
          aria-sort={null}
          className="MuiTableCell-root MuiTableCell-body MuiTableCell-alignRight"
          style={
            Object {
              "width": "20%",
            }
          }
        >
          $429,656,822.19
        </td>
      </tr>
      <tr
        className="MuiTableRow-root"
        role={null}
      >
        <td
          aria-sort={null}
          className="MuiTableCell-root MuiTableCell-body"
          style={
            Object {
              "width": "10%",
            }
          }
        >
          # 9
        </td>
        <td
          aria-sort={null}
          className="MuiTableCell-root MuiTableCell-body"
          style={
            Object {
              "width": "30%",
            }
          }
        >
          <a
            className="MuiTypography-root value MuiTypography-body1"
            href="/accounts/6gfi6GSjrhqc5xDLtDkVrTR61Hi7GMNPmJknxvbqzb1x"
            onClick={[Function]}
            onMouseEnter={[Function]}
          >
            6gfi6GSjrhqc5xDLtDkVrTR61Hi7GMNPmJknxvbqzb1x
          </a>
        </td>
        <td
          aria-sort={null}
          className="MuiTableCell-root MuiTableCell-body MuiTableCell-alignRight"
          style={
            Object {
              "width": "20%",
            }
          }
        >
          430,012,872.844027
        </td>
        <td
          aria-sort={null}
          className="MuiTableCell-root MuiTableCell-body"
          style={
            Object {
              "width": "20%",
            }
          }
        >
          <div
            id="StackBar"
            percentage={3.1754}
          />
        </td>
        <td
          aria-sort={null}
          className="MuiTableCell-root MuiTableCell-body MuiTableCell-alignRight"
          style={
            Object {
              "width": "20%",
            }
          }
        >
          $429,656,822.19
        </td>
      </tr>
      <tr
        className="MuiTableRow-root"
        role={null}
      >
        <td
          aria-sort={null}
          className="MuiTableCell-root MuiTableCell-body"
          style={
            Object {
              "width": "10%",
            }
          }
        >
          # 10
        </td>
        <td
          aria-sort={null}
          className="MuiTableCell-root MuiTableCell-body"
          style={
            Object {
              "width": "30%",
            }
          }
        >
          <a
            className="MuiTypography-root value MuiTypography-body1"
            href="/accounts/6gfi6GSjrhqc5xDLtDkVrTR61Hi7GMNPmJknxvbqzb1x"
            onClick={[Function]}
            onMouseEnter={[Function]}
          >
            6gfi6GSjrhqc5xDLtDkVrTR61Hi7GMNPmJknxvbqzb1x
          </a>
        </td>
        <td
          aria-sort={null}
          className="MuiTableCell-root MuiTableCell-body MuiTableCell-alignRight"
          style={
            Object {
              "width": "20%",
            }
          }
        >
          430,012,872.844027
        </td>
        <td
          aria-sort={null}
          className="MuiTableCell-root MuiTableCell-body"
          style={
            Object {
              "width": "20%",
            }
          }
        >
          <div
            id="StackBar"
            percentage={3.1754}
          />
        </td>
        <td
          aria-sort={null}
          className="MuiTableCell-root MuiTableCell-body MuiTableCell-alignRight"
          style={
            Object {
              "width": "20%",
            }
          }
        >
          $429,656,822.19
        </td>
      </tr>
      <tr
        className="MuiTableRow-root"
        role={null}
      >
        <td
          aria-sort={null}
          className="MuiTableCell-root MuiTableCell-body"
          style={
            Object {
              "width": "10%",
            }
          }
        >
          # 11
        </td>
        <td
          aria-sort={null}
          className="MuiTableCell-root MuiTableCell-body"
          style={
            Object {
              "width": "30%",
            }
          }
        >
          <a
            className="MuiTypography-root value MuiTypography-body1"
            href="/accounts/6gfi6GSjrhqc5xDLtDkVrTR61Hi7GMNPmJknxvbqzb1x"
            onClick={[Function]}
            onMouseEnter={[Function]}
          >
            6gfi6GSjrhqc5xDLtDkVrTR61Hi7GMNPmJknxvbqzb1x
          </a>
        </td>
        <td
          aria-sort={null}
          className="MuiTableCell-root MuiTableCell-body MuiTableCell-alignRight"
          style={
            Object {
              "width": "20%",
            }
          }
        >
          430,012,872.844027
        </td>
        <td
          aria-sort={null}
          className="MuiTableCell-root MuiTableCell-body"
          style={
            Object {
              "width": "20%",
            }
          }
        >
          <div
            id="StackBar"
            percentage={3.1754}
          />
        </td>
        <td
          aria-sort={null}
          className="MuiTableCell-root MuiTableCell-body MuiTableCell-alignRight"
          style={
            Object {
              "width": "20%",
            }
          }
        >
          $429,656,822.19
        </td>
      </tr>
      <tr
        className="MuiTableRow-root"
        role={null}
      >
        <td
          aria-sort={null}
          className="MuiTableCell-root MuiTableCell-body"
          style={
            Object {
              "width": "10%",
            }
          }
        >
          # 12
        </td>
        <td
          aria-sort={null}
          className="MuiTableCell-root MuiTableCell-body"
          style={
            Object {
              "width": "30%",
            }
          }
        >
          <a
            className="MuiTypography-root value MuiTypography-body1"
            href="/accounts/6gfi6GSjrhqc5xDLtDkVrTR61Hi7GMNPmJknxvbqzb1x"
            onClick={[Function]}
            onMouseEnter={[Function]}
          >
            6gfi6GSjrhqc5xDLtDkVrTR61Hi7GMNPmJknxvbqzb1x
          </a>
        </td>
        <td
          aria-sort={null}
          className="MuiTableCell-root MuiTableCell-body MuiTableCell-alignRight"
          style={
            Object {
              "width": "20%",
            }
          }
        >
          430,012,872.844027
        </td>
        <td
          aria-sort={null}
          className="MuiTableCell-root MuiTableCell-body"
          style={
            Object {
              "width": "20%",
            }
          }
        >
          <div
            id="StackBar"
            percentage={3.1754}
          />
        </td>
        <td
          aria-sort={null}
          className="MuiTableCell-root MuiTableCell-body MuiTableCell-alignRight"
          style={
            Object {
              "width": "20%",
            }
          }
        >
          $429,656,822.19
        </td>
      </tr>
      <tr
        className="MuiTableRow-root"
        role={null}
      >
        <td
          aria-sort={null}
          className="MuiTableCell-root MuiTableCell-body"
          style={
            Object {
              "width": "10%",
            }
          }
        >
          # 13
        </td>
        <td
          aria-sort={null}
          className="MuiTableCell-root MuiTableCell-body"
          style={
            Object {
              "width": "30%",
            }
          }
        >
          <a
            className="MuiTypography-root value MuiTypography-body1"
            href="/accounts/6gfi6GSjrhqc5xDLtDkVrTR61Hi7GMNPmJknxvbqzb1x"
            onClick={[Function]}
            onMouseEnter={[Function]}
          >
            6gfi6GSjrhqc5xDLtDkVrTR61Hi7GMNPmJknxvbqzb1x
          </a>
        </td>
        <td
          aria-sort={null}
          className="MuiTableCell-root MuiTableCell-body MuiTableCell-alignRight"
          style={
            Object {
              "width": "20%",
            }
          }
        >
          430,012,872.844027
        </td>
        <td
          aria-sort={null}
          className="MuiTableCell-root MuiTableCell-body"
          style={
            Object {
              "width": "20%",
            }
          }
        >
          <div
            id="StackBar"
            percentage={3.1754}
          />
        </td>
        <td
          aria-sort={null}
          className="MuiTableCell-root MuiTableCell-body MuiTableCell-alignRight"
          style={
            Object {
              "width": "20%",
            }
          }
        >
          $429,656,822.19
        </td>
      </tr>
      <tr
        className="MuiTableRow-root"
        role={null}
      >
        <td
          aria-sort={null}
          className="MuiTableCell-root MuiTableCell-body"
          style={
            Object {
              "width": "10%",
            }
          }
        >
          # 14
        </td>
        <td
          aria-sort={null}
          className="MuiTableCell-root MuiTableCell-body"
          style={
            Object {
              "width": "30%",
            }
          }
        >
          <a
            className="MuiTypography-root value MuiTypography-body1"
            href="/accounts/6gfi6GSjrhqc5xDLtDkVrTR61Hi7GMNPmJknxvbqzb1x"
            onClick={[Function]}
            onMouseEnter={[Function]}
          >
            6gfi6GSjrhqc5xDLtDkVrTR61Hi7GMNPmJknxvbqzb1x
          </a>
        </td>
        <td
          aria-sort={null}
          className="MuiTableCell-root MuiTableCell-body MuiTableCell-alignRight"
          style={
            Object {
              "width": "20%",
            }
          }
        >
          430,012,872.844027
        </td>
        <td
          aria-sort={null}
          className="MuiTableCell-root MuiTableCell-body"
          style={
            Object {
              "width": "20%",
            }
          }
        >
          <div
            id="StackBar"
            percentage={3.1754}
          />
        </td>
        <td
          aria-sort={null}
          className="MuiTableCell-root MuiTableCell-body MuiTableCell-alignRight"
          style={
            Object {
              "width": "20%",
            }
          }
        >
          $429,656,822.19
        </td>
      </tr>
      <tr
        className="MuiTableRow-root"
        role={null}
      >
        <td
          aria-sort={null}
          className="MuiTableCell-root MuiTableCell-body"
          style={
            Object {
              "width": "10%",
            }
          }
        >
          # 15
        </td>
        <td
          aria-sort={null}
          className="MuiTableCell-root MuiTableCell-body"
          style={
            Object {
              "width": "30%",
            }
          }
        >
          <a
            className="MuiTypography-root value MuiTypography-body1"
            href="/accounts/6gfi6GSjrhqc5xDLtDkVrTR61Hi7GMNPmJknxvbqzb1x"
            onClick={[Function]}
            onMouseEnter={[Function]}
          >
            6gfi6GSjrhqc5xDLtDkVrTR61Hi7GMNPmJknxvbqzb1x
          </a>
        </td>
        <td
          aria-sort={null}
          className="MuiTableCell-root MuiTableCell-body MuiTableCell-alignRight"
          style={
            Object {
              "width": "20%",
            }
          }
        >
          430,012,872.844027
        </td>
        <td
          aria-sort={null}
          className="MuiTableCell-root MuiTableCell-body"
          style={
            Object {
              "width": "20%",
            }
          }
        >
          <div
            id="StackBar"
            percentage={3.1754}
          />
        </td>
        <td
          aria-sort={null}
          className="MuiTableCell-root MuiTableCell-body MuiTableCell-alignRight"
          style={
            Object {
              "width": "20%",
            }
          }
        >
          $429,656,822.19
        </td>
      </tr>
      <tr
        className="MuiTableRow-root"
        role={null}
      >
        <td
          aria-sort={null}
          className="MuiTableCell-root MuiTableCell-body"
          style={
            Object {
              "width": "10%",
            }
          }
        >
          # 16
        </td>
        <td
          aria-sort={null}
          className="MuiTableCell-root MuiTableCell-body"
          style={
            Object {
              "width": "30%",
            }
          }
        >
          <a
            className="MuiTypography-root value MuiTypography-body1"
            href="/accounts/6gfi6GSjrhqc5xDLtDkVrTR61Hi7GMNPmJknxvbqzb1x"
            onClick={[Function]}
            onMouseEnter={[Function]}
          >
            6gfi6GSjrhqc5xDLtDkVrTR61Hi7GMNPmJknxvbqzb1x
          </a>
        </td>
        <td
          aria-sort={null}
          className="MuiTableCell-root MuiTableCell-body MuiTableCell-alignRight"
          style={
            Object {
              "width": "20%",
            }
          }
        >
          430,012,872.844027
        </td>
        <td
          aria-sort={null}
          className="MuiTableCell-root MuiTableCell-body"
          style={
            Object {
              "width": "20%",
            }
          }
        >
          <div
            id="StackBar"
            percentage={3.1754}
          />
        </td>
        <td
          aria-sort={null}
          className="MuiTableCell-root MuiTableCell-body MuiTableCell-alignRight"
          style={
            Object {
              "width": "20%",
            }
          }
        >
          $429,656,822.19
        </td>
      </tr>
      <tr
        className="MuiTableRow-root"
        role={null}
      >
        <td
          aria-sort={null}
          className="MuiTableCell-root MuiTableCell-body"
          style={
            Object {
              "width": "10%",
            }
          }
        >
          # 17
        </td>
        <td
          aria-sort={null}
          className="MuiTableCell-root MuiTableCell-body"
          style={
            Object {
              "width": "30%",
            }
          }
        >
          <a
            className="MuiTypography-root value MuiTypography-body1"
            href="/accounts/6gfi6GSjrhqc5xDLtDkVrTR61Hi7GMNPmJknxvbqzb1x"
            onClick={[Function]}
            onMouseEnter={[Function]}
          >
            6gfi6GSjrhqc5xDLtDkVrTR61Hi7GMNPmJknxvbqzb1x
          </a>
        </td>
        <td
          aria-sort={null}
          className="MuiTableCell-root MuiTableCell-body MuiTableCell-alignRight"
          style={
            Object {
              "width": "20%",
            }
          }
        >
          430,012,872.844027
        </td>
        <td
          aria-sort={null}
          className="MuiTableCell-root MuiTableCell-body"
          style={
            Object {
              "width": "20%",
            }
          }
        >
          <div
            id="StackBar"
            percentage={3.1754}
          />
        </td>
        <td
          aria-sort={null}
          className="MuiTableCell-root MuiTableCell-body MuiTableCell-alignRight"
          style={
            Object {
              "width": "20%",
            }
          }
        >
          $429,656,822.19
        </td>
      </tr>
      <tr
        className="MuiTableRow-root"
        role={null}
      >
        <td
          aria-sort={null}
          className="MuiTableCell-root MuiTableCell-body"
          style={
            Object {
              "width": "10%",
            }
          }
        >
          # 18
        </td>
        <td
          aria-sort={null}
          className="MuiTableCell-root MuiTableCell-body"
          style={
            Object {
              "width": "30%",
            }
          }
        >
          <a
            className="MuiTypography-root value MuiTypography-body1"
            href="/accounts/6gfi6GSjrhqc5xDLtDkVrTR61Hi7GMNPmJknxvbqzb1x"
            onClick={[Function]}
            onMouseEnter={[Function]}
          >
            6gfi6GSjrhqc5xDLtDkVrTR61Hi7GMNPmJknxvbqzb1x
          </a>
        </td>
        <td
          aria-sort={null}
          className="MuiTableCell-root MuiTableCell-body MuiTableCell-alignRight"
          style={
            Object {
              "width": "20%",
            }
          }
        >
          430,012,872.844027
        </td>
        <td
          aria-sort={null}
          className="MuiTableCell-root MuiTableCell-body"
          style={
            Object {
              "width": "20%",
            }
          }
        >
          <div
            id="StackBar"
            percentage={3.1754}
          />
        </td>
        <td
          aria-sort={null}
          className="MuiTableCell-root MuiTableCell-body MuiTableCell-alignRight"
          style={
            Object {
              "width": "20%",
            }
          }
        >
          $429,656,822.19
        </td>
      </tr>
      <tr
        className="MuiTableRow-root"
        role={null}
      >
        <td
          aria-sort={null}
          className="MuiTableCell-root MuiTableCell-body"
          style={
            Object {
              "width": "10%",
            }
          }
        >
          # 19
        </td>
        <td
          aria-sort={null}
          className="MuiTableCell-root MuiTableCell-body"
          style={
            Object {
              "width": "30%",
            }
          }
        >
          <a
            className="MuiTypography-root value MuiTypography-body1"
            href="/accounts/6gfi6GSjrhqc5xDLtDkVrTR61Hi7GMNPmJknxvbqzb1x"
            onClick={[Function]}
            onMouseEnter={[Function]}
          >
            6gfi6GSjrhqc5xDLtDkVrTR61Hi7GMNPmJknxvbqzb1x
          </a>
        </td>
        <td
          aria-sort={null}
          className="MuiTableCell-root MuiTableCell-body MuiTableCell-alignRight"
          style={
            Object {
              "width": "20%",
            }
          }
        >
          430,012,872.844027
        </td>
        <td
          aria-sort={null}
          className="MuiTableCell-root MuiTableCell-body"
          style={
            Object {
              "width": "20%",
            }
          }
        >
          <div
            id="StackBar"
            percentage={3.1754}
          />
        </td>
        <td
          aria-sort={null}
          className="MuiTableCell-root MuiTableCell-body MuiTableCell-alignRight"
          style={
            Object {
              "width": "20%",
            }
          }
        >
          $429,656,822.19
        </td>
      </tr>
      <tr
        className="MuiTableRow-root"
        role={null}
      >
        <td
          aria-sort={null}
          className="MuiTableCell-root MuiTableCell-body"
          style={
            Object {
              "width": "10%",
            }
          }
        >
          # 20
        </td>
        <td
          aria-sort={null}
          className="MuiTableCell-root MuiTableCell-body"
          style={
            Object {
              "width": "30%",
            }
          }
        >
          <a
            className="MuiTypography-root value MuiTypography-body1"
            href="/accounts/6gfi6GSjrhqc5xDLtDkVrTR61Hi7GMNPmJknxvbqzb1x"
            onClick={[Function]}
            onMouseEnter={[Function]}
          >
            6gfi6GSjrhqc5xDLtDkVrTR61Hi7GMNPmJknxvbqzb1x
          </a>
        </td>
        <td
          aria-sort={null}
          className="MuiTableCell-root MuiTableCell-body MuiTableCell-alignRight"
          style={
            Object {
              "width": "20%",
            }
          }
        >
          430,012,872.844027
        </td>
        <td
          aria-sort={null}
          className="MuiTableCell-root MuiTableCell-body"
          style={
            Object {
              "width": "20%",
            }
          }
        >
          <div
            id="StackBar"
            percentage={3.1754}
          />
        </td>
        <td
          aria-sort={null}
          className="MuiTableCell-root MuiTableCell-body MuiTableCell-alignRight"
          style={
            Object {
              "width": "20%",
            }
          }
        >
          $429,656,822.19
        </td>
      </tr>
      <tr
        className="MuiTableRow-root"
        role={null}
      >
        <td
          aria-sort={null}
          className="MuiTableCell-root MuiTableCell-body"
          style={
            Object {
              "width": "10%",
            }
          }
        >
          # 21
        </td>
        <td
          aria-sort={null}
          className="MuiTableCell-root MuiTableCell-body"
          style={
            Object {
              "width": "30%",
            }
          }
        >
          <a
            className="MuiTypography-root value MuiTypography-body1"
            href="/accounts/6gfi6GSjrhqc5xDLtDkVrTR61Hi7GMNPmJknxvbqzb1x"
            onClick={[Function]}
            onMouseEnter={[Function]}
          >
            6gfi6GSjrhqc5xDLtDkVrTR61Hi7GMNPmJknxvbqzb1x
          </a>
        </td>
        <td
          aria-sort={null}
          className="MuiTableCell-root MuiTableCell-body MuiTableCell-alignRight"
          style={
            Object {
              "width": "20%",
            }
          }
        >
          430,012,872.844027
        </td>
        <td
          aria-sort={null}
          className="MuiTableCell-root MuiTableCell-body"
          style={
            Object {
              "width": "20%",
            }
          }
        >
          <div
            id="StackBar"
            percentage={3.1754}
          />
        </td>
        <td
          aria-sort={null}
          className="MuiTableCell-root MuiTableCell-body MuiTableCell-alignRight"
          style={
            Object {
              "width": "20%",
            }
          }
        >
          $429,656,822.19
        </td>
      </tr>
      <tr
        className="MuiTableRow-root"
        role={null}
      >
        <td
          aria-sort={null}
          className="MuiTableCell-root MuiTableCell-body"
          style={
            Object {
              "width": "10%",
            }
          }
        >
          # 22
        </td>
        <td
          aria-sort={null}
          className="MuiTableCell-root MuiTableCell-body"
          style={
            Object {
              "width": "30%",
            }
          }
        >
          <a
            className="MuiTypography-root value MuiTypography-body1"
            href="/accounts/6gfi6GSjrhqc5xDLtDkVrTR61Hi7GMNPmJknxvbqzb1x"
            onClick={[Function]}
            onMouseEnter={[Function]}
          >
            6gfi6GSjrhqc5xDLtDkVrTR61Hi7GMNPmJknxvbqzb1x
          </a>
        </td>
        <td
          aria-sort={null}
          className="MuiTableCell-root MuiTableCell-body MuiTableCell-alignRight"
          style={
            Object {
              "width": "20%",
            }
          }
        >
          430,012,872.844027
        </td>
        <td
          aria-sort={null}
          className="MuiTableCell-root MuiTableCell-body"
          style={
            Object {
              "width": "20%",
            }
          }
        >
          <div
            id="StackBar"
            percentage={3.1754}
          />
        </td>
        <td
          aria-sort={null}
          className="MuiTableCell-root MuiTableCell-body MuiTableCell-alignRight"
          style={
            Object {
              "width": "20%",
            }
          }
        >
          $429,656,822.19
        </td>
      </tr>
      <tr
        className="MuiTableRow-root"
        role={null}
      >
        <td
          aria-sort={null}
          className="MuiTableCell-root MuiTableCell-body"
          style={
            Object {
              "width": "10%",
            }
          }
        >
          # 23
        </td>
        <td
          aria-sort={null}
          className="MuiTableCell-root MuiTableCell-body"
          style={
            Object {
              "width": "30%",
            }
          }
        >
          <a
            className="MuiTypography-root value MuiTypography-body1"
            href="/accounts/6gfi6GSjrhqc5xDLtDkVrTR61Hi7GMNPmJknxvbqzb1x"
            onClick={[Function]}
            onMouseEnter={[Function]}
          >
            6gfi6GSjrhqc5xDLtDkVrTR61Hi7GMNPmJknxvbqzb1x
          </a>
        </td>
        <td
          aria-sort={null}
          className="MuiTableCell-root MuiTableCell-body MuiTableCell-alignRight"
          style={
            Object {
              "width": "20%",
            }
          }
        >
          430,012,872.844027
        </td>
        <td
          aria-sort={null}
          className="MuiTableCell-root MuiTableCell-body"
          style={
            Object {
              "width": "20%",
            }
          }
        >
          <div
            id="StackBar"
            percentage={3.1754}
          />
        </td>
        <td
          aria-sort={null}
          className="MuiTableCell-root MuiTableCell-body MuiTableCell-alignRight"
          style={
            Object {
              "width": "20%",
            }
          }
        >
          $429,656,822.19
        </td>
      </tr>
      <tr
        className="MuiTableRow-root"
        role={null}
      >
        <td
          aria-sort={null}
          className="MuiTableCell-root MuiTableCell-body"
          style={
            Object {
              "width": "10%",
            }
          }
        >
          # 24
        </td>
        <td
          aria-sort={null}
          className="MuiTableCell-root MuiTableCell-body"
          style={
            Object {
              "width": "30%",
            }
          }
        >
          <a
            className="MuiTypography-root value MuiTypography-body1"
            href="/accounts/6gfi6GSjrhqc5xDLtDkVrTR61Hi7GMNPmJknxvbqzb1x"
            onClick={[Function]}
            onMouseEnter={[Function]}
          >
            6gfi6GSjrhqc5xDLtDkVrTR61Hi7GMNPmJknxvbqzb1x
          </a>
        </td>
        <td
          aria-sort={null}
          className="MuiTableCell-root MuiTableCell-body MuiTableCell-alignRight"
          style={
            Object {
              "width": "20%",
            }
          }
        >
          430,012,872.844027
        </td>
        <td
          aria-sort={null}
          className="MuiTableCell-root MuiTableCell-body"
          style={
            Object {
              "width": "20%",
            }
          }
        >
          <div
            id="StackBar"
            percentage={3.1754}
          />
        </td>
        <td
          aria-sort={null}
          className="MuiTableCell-root MuiTableCell-body MuiTableCell-alignRight"
          style={
            Object {
              "width": "20%",
            }
          }
        >
          $429,656,822.19
        </td>
      </tr>
      <tr
        className="MuiTableRow-root"
        role={null}
      >
        <td
          aria-sort={null}
          className="MuiTableCell-root MuiTableCell-body"
          style={
            Object {
              "width": "10%",
            }
          }
        >
          # 25
        </td>
        <td
          aria-sort={null}
          className="MuiTableCell-root MuiTableCell-body"
          style={
            Object {
              "width": "30%",
            }
          }
        >
          <a
            className="MuiTypography-root value MuiTypography-body1"
            href="/accounts/6gfi6GSjrhqc5xDLtDkVrTR61Hi7GMNPmJknxvbqzb1x"
            onClick={[Function]}
            onMouseEnter={[Function]}
          >
            6gfi6GSjrhqc5xDLtDkVrTR61Hi7GMNPmJknxvbqzb1x
          </a>
        </td>
        <td
          aria-sort={null}
          className="MuiTableCell-root MuiTableCell-body MuiTableCell-alignRight"
          style={
            Object {
              "width": "20%",
            }
          }
        >
          430,012,872.844027
        </td>
        <td
          aria-sort={null}
          className="MuiTableCell-root MuiTableCell-body"
          style={
            Object {
              "width": "20%",
            }
          }
        >
          <div
            id="StackBar"
            percentage={3.1754}
          />
        </td>
        <td
          aria-sort={null}
          className="MuiTableCell-root MuiTableCell-body MuiTableCell-alignRight"
          style={
            Object {
              "width": "20%",
            }
          }
        >
          $429,656,822.19
        </td>
      </tr>
      <tr
        className="MuiTableRow-root"
        role={null}
      >
        <td
          aria-sort={null}
          className="MuiTableCell-root MuiTableCell-body"
          style={
            Object {
              "width": "10%",
            }
          }
        >
          # 26
        </td>
        <td
          aria-sort={null}
          className="MuiTableCell-root MuiTableCell-body"
          style={
            Object {
              "width": "30%",
            }
          }
        >
          <a
            className="MuiTypography-root value MuiTypography-body1"
            href="/accounts/6gfi6GSjrhqc5xDLtDkVrTR61Hi7GMNPmJknxvbqzb1x"
            onClick={[Function]}
            onMouseEnter={[Function]}
          >
            6gfi6GSjrhqc5xDLtDkVrTR61Hi7GMNPmJknxvbqzb1x
          </a>
        </td>
        <td
          aria-sort={null}
          className="MuiTableCell-root MuiTableCell-body MuiTableCell-alignRight"
          style={
            Object {
              "width": "20%",
            }
          }
        >
          430,012,872.844027
        </td>
        <td
          aria-sort={null}
          className="MuiTableCell-root MuiTableCell-body"
          style={
            Object {
              "width": "20%",
            }
          }
        >
          <div
            id="StackBar"
            percentage={3.1754}
          />
        </td>
        <td
          aria-sort={null}
          className="MuiTableCell-root MuiTableCell-body MuiTableCell-alignRight"
          style={
            Object {
              "width": "20%",
            }
          }
        >
          $429,656,822.19
        </td>
      </tr>
      <tr
        className="MuiTableRow-root"
        role={null}
      >
        <td
          aria-sort={null}
          className="MuiTableCell-root MuiTableCell-body"
          style={
            Object {
              "width": "10%",
            }
          }
        >
          # 27
        </td>
        <td
          aria-sort={null}
          className="MuiTableCell-root MuiTableCell-body"
          style={
            Object {
              "width": "30%",
            }
          }
        >
          <a
            className="MuiTypography-root value MuiTypography-body1"
            href="/accounts/6gfi6GSjrhqc5xDLtDkVrTR61Hi7GMNPmJknxvbqzb1x"
            onClick={[Function]}
            onMouseEnter={[Function]}
          >
            6gfi6GSjrhqc5xDLtDkVrTR61Hi7GMNPmJknxvbqzb1x
          </a>
        </td>
        <td
          aria-sort={null}
          className="MuiTableCell-root MuiTableCell-body MuiTableCell-alignRight"
          style={
            Object {
              "width": "20%",
            }
          }
        >
          430,012,872.844027
        </td>
        <td
          aria-sort={null}
          className="MuiTableCell-root MuiTableCell-body"
          style={
            Object {
              "width": "20%",
            }
          }
        >
          <div
            id="StackBar"
            percentage={3.1754}
          />
        </td>
        <td
          aria-sort={null}
          className="MuiTableCell-root MuiTableCell-body MuiTableCell-alignRight"
          style={
            Object {
              "width": "20%",
            }
          }
        >
          $429,656,822.19
        </td>
      </tr>
      <tr
        className="MuiTableRow-root"
        role={null}
      >
        <td
          aria-sort={null}
          className="MuiTableCell-root MuiTableCell-body"
          style={
            Object {
              "width": "10%",
            }
          }
        >
          # 28
        </td>
        <td
          aria-sort={null}
          className="MuiTableCell-root MuiTableCell-body"
          style={
            Object {
              "width": "30%",
            }
          }
        >
          <a
            className="MuiTypography-root value MuiTypography-body1"
            href="/accounts/6gfi6GSjrhqc5xDLtDkVrTR61Hi7GMNPmJknxvbqzb1x"
            onClick={[Function]}
            onMouseEnter={[Function]}
          >
            6gfi6GSjrhqc5xDLtDkVrTR61Hi7GMNPmJknxvbqzb1x
          </a>
        </td>
        <td
          aria-sort={null}
          className="MuiTableCell-root MuiTableCell-body MuiTableCell-alignRight"
          style={
            Object {
              "width": "20%",
            }
          }
        >
          430,012,872.844027
        </td>
        <td
          aria-sort={null}
          className="MuiTableCell-root MuiTableCell-body"
          style={
            Object {
              "width": "20%",
            }
          }
        >
          <div
            id="StackBar"
            percentage={3.1754}
          />
        </td>
        <td
          aria-sort={null}
          className="MuiTableCell-root MuiTableCell-body MuiTableCell-alignRight"
          style={
            Object {
              "width": "20%",
            }
          }
        >
          $429,656,822.19
        </td>
      </tr>
      <tr
        className="MuiTableRow-root"
        role={null}
      >
        <td
          aria-sort={null}
          className="MuiTableCell-root MuiTableCell-body"
          style={
            Object {
              "width": "10%",
            }
          }
        >
          # 29
        </td>
        <td
          aria-sort={null}
          className="MuiTableCell-root MuiTableCell-body"
          style={
            Object {
              "width": "30%",
            }
          }
        >
          <a
            className="MuiTypography-root value MuiTypography-body1"
            href="/accounts/6gfi6GSjrhqc5xDLtDkVrTR61Hi7GMNPmJknxvbqzb1x"
            onClick={[Function]}
            onMouseEnter={[Function]}
          >
            6gfi6GSjrhqc5xDLtDkVrTR61Hi7GMNPmJknxvbqzb1x
          </a>
        </td>
        <td
          aria-sort={null}
          className="MuiTableCell-root MuiTableCell-body MuiTableCell-alignRight"
          style={
            Object {
              "width": "20%",
            }
          }
        >
          430,012,872.844027
        </td>
        <td
          aria-sort={null}
          className="MuiTableCell-root MuiTableCell-body"
          style={
            Object {
              "width": "20%",
            }
          }
        >
          <div
            id="StackBar"
            percentage={3.1754}
          />
        </td>
        <td
          aria-sort={null}
          className="MuiTableCell-root MuiTableCell-body MuiTableCell-alignRight"
          style={
            Object {
              "width": "20%",
            }
          }
        >
          $429,656,822.19
        </td>
      </tr>
      <tr
        className="MuiTableRow-root"
        role={null}
      >
        <td
          aria-sort={null}
          className="MuiTableCell-root MuiTableCell-body"
          style={
            Object {
              "width": "10%",
            }
          }
        >
          # 30
        </td>
        <td
          aria-sort={null}
          className="MuiTableCell-root MuiTableCell-body"
          style={
            Object {
              "width": "30%",
            }
          }
        >
          <a
            className="MuiTypography-root value MuiTypography-body1"
            href="/accounts/6gfi6GSjrhqc5xDLtDkVrTR61Hi7GMNPmJknxvbqzb1x"
            onClick={[Function]}
            onMouseEnter={[Function]}
          >
            6gfi6GSjrhqc5xDLtDkVrTR61Hi7GMNPmJknxvbqzb1x
          </a>
        </td>
        <td
          aria-sort={null}
          className="MuiTableCell-root MuiTableCell-body MuiTableCell-alignRight"
          style={
            Object {
              "width": "20%",
            }
          }
        >
          430,012,872.844027
        </td>
        <td
          aria-sort={null}
          className="MuiTableCell-root MuiTableCell-body"
          style={
            Object {
              "width": "20%",
            }
          }
        >
          <div
            id="StackBar"
            percentage={3.1754}
          />
        </td>
        <td
          aria-sort={null}
          className="MuiTableCell-root MuiTableCell-body MuiTableCell-alignRight"
          style={
            Object {
              "width": "20%",
            }
          }
        >
          $429,656,822.19
        </td>
      </tr>
      <tr
        className="MuiTableRow-root"
        role={null}
      >
        <td
          aria-sort={null}
          className="MuiTableCell-root MuiTableCell-body"
          style={
            Object {
              "width": "10%",
            }
          }
        >
          # 31
        </td>
        <td
          aria-sort={null}
          className="MuiTableCell-root MuiTableCell-body"
          style={
            Object {
              "width": "30%",
            }
          }
        >
          <a
            className="MuiTypography-root value MuiTypography-body1"
            href="/accounts/6gfi6GSjrhqc5xDLtDkVrTR61Hi7GMNPmJknxvbqzb1x"
            onClick={[Function]}
            onMouseEnter={[Function]}
          >
            6gfi6GSjrhqc5xDLtDkVrTR61Hi7GMNPmJknxvbqzb1x
          </a>
        </td>
        <td
          aria-sort={null}
          className="MuiTableCell-root MuiTableCell-body MuiTableCell-alignRight"
          style={
            Object {
              "width": "20%",
            }
          }
        >
          430,012,872.844027
        </td>
        <td
          aria-sort={null}
          className="MuiTableCell-root MuiTableCell-body"
          style={
            Object {
              "width": "20%",
            }
          }
        >
          <div
            id="StackBar"
            percentage={3.1754}
          />
        </td>
        <td
          aria-sort={null}
          className="MuiTableCell-root MuiTableCell-body MuiTableCell-alignRight"
          style={
            Object {
              "width": "20%",
            }
          }
        >
          $429,656,822.19
        </td>
      </tr>
      <tr
        className="MuiTableRow-root"
        role={null}
      >
        <td
          aria-sort={null}
          className="MuiTableCell-root MuiTableCell-body"
          style={
            Object {
              "width": "10%",
            }
          }
        >
          # 32
        </td>
        <td
          aria-sort={null}
          className="MuiTableCell-root MuiTableCell-body"
          style={
            Object {
              "width": "30%",
            }
          }
        >
          <a
            className="MuiTypography-root value MuiTypography-body1"
            href="/accounts/6gfi6GSjrhqc5xDLtDkVrTR61Hi7GMNPmJknxvbqzb1x"
            onClick={[Function]}
            onMouseEnter={[Function]}
          >
            6gfi6GSjrhqc5xDLtDkVrTR61Hi7GMNPmJknxvbqzb1x
          </a>
        </td>
        <td
          aria-sort={null}
          className="MuiTableCell-root MuiTableCell-body MuiTableCell-alignRight"
          style={
            Object {
              "width": "20%",
            }
          }
        >
          430,012,872.844027
        </td>
        <td
          aria-sort={null}
          className="MuiTableCell-root MuiTableCell-body"
          style={
            Object {
              "width": "20%",
            }
          }
        >
          <div
            id="StackBar"
            percentage={3.1754}
          />
        </td>
        <td
          aria-sort={null}
          className="MuiTableCell-root MuiTableCell-body MuiTableCell-alignRight"
          style={
            Object {
              "width": "20%",
            }
          }
        >
          $429,656,822.19
        </td>
      </tr>
      <tr
        className="MuiTableRow-root"
        role={null}
      >
        <td
          aria-sort={null}
          className="MuiTableCell-root MuiTableCell-body"
          style={
            Object {
              "width": "10%",
            }
          }
        >
          # 33
        </td>
        <td
          aria-sort={null}
          className="MuiTableCell-root MuiTableCell-body"
          style={
            Object {
              "width": "30%",
            }
          }
        >
          <a
            className="MuiTypography-root value MuiTypography-body1"
            href="/accounts/6gfi6GSjrhqc5xDLtDkVrTR61Hi7GMNPmJknxvbqzb1x"
            onClick={[Function]}
            onMouseEnter={[Function]}
          >
            6gfi6GSjrhqc5xDLtDkVrTR61Hi7GMNPmJknxvbqzb1x
          </a>
        </td>
        <td
          aria-sort={null}
          className="MuiTableCell-root MuiTableCell-body MuiTableCell-alignRight"
          style={
            Object {
              "width": "20%",
            }
          }
        >
          430,012,872.844027
        </td>
        <td
          aria-sort={null}
          className="MuiTableCell-root MuiTableCell-body"
          style={
            Object {
              "width": "20%",
            }
          }
        >
          <div
            id="StackBar"
            percentage={3.1754}
          />
        </td>
        <td
          aria-sort={null}
          className="MuiTableCell-root MuiTableCell-body MuiTableCell-alignRight"
          style={
            Object {
              "width": "20%",
            }
          }
        >
          $429,656,822.19
        </td>
      </tr>
      <tr
        className="MuiTableRow-root"
        role={null}
      >
        <td
          aria-sort={null}
          className="MuiTableCell-root MuiTableCell-body"
          style={
            Object {
              "width": "10%",
            }
          }
        >
          # 34
        </td>
        <td
          aria-sort={null}
          className="MuiTableCell-root MuiTableCell-body"
          style={
            Object {
              "width": "30%",
            }
          }
        >
          <a
            className="MuiTypography-root value MuiTypography-body1"
            href="/accounts/6gfi6GSjrhqc5xDLtDkVrTR61Hi7GMNPmJknxvbqzb1x"
            onClick={[Function]}
            onMouseEnter={[Function]}
          >
            6gfi6GSjrhqc5xDLtDkVrTR61Hi7GMNPmJknxvbqzb1x
          </a>
        </td>
        <td
          aria-sort={null}
          className="MuiTableCell-root MuiTableCell-body MuiTableCell-alignRight"
          style={
            Object {
              "width": "20%",
            }
          }
        >
          430,012,872.844027
        </td>
        <td
          aria-sort={null}
          className="MuiTableCell-root MuiTableCell-body"
          style={
            Object {
              "width": "20%",
            }
          }
        >
          <div
            id="StackBar"
            percentage={3.1754}
          />
        </td>
        <td
          aria-sort={null}
          className="MuiTableCell-root MuiTableCell-body MuiTableCell-alignRight"
          style={
            Object {
              "width": "20%",
            }
          }
        >
          $429,656,822.19
        </td>
      </tr>
      <tr
        className="MuiTableRow-root"
        role={null}
      >
        <td
          aria-sort={null}
          className="MuiTableCell-root MuiTableCell-body"
          style={
            Object {
              "width": "10%",
            }
          }
        >
          # 35
        </td>
        <td
          aria-sort={null}
          className="MuiTableCell-root MuiTableCell-body"
          style={
            Object {
              "width": "30%",
            }
          }
        >
          <a
            className="MuiTypography-root value MuiTypography-body1"
            href="/accounts/6gfi6GSjrhqc5xDLtDkVrTR61Hi7GMNPmJknxvbqzb1x"
            onClick={[Function]}
            onMouseEnter={[Function]}
          >
            6gfi6GSjrhqc5xDLtDkVrTR61Hi7GMNPmJknxvbqzb1x
          </a>
        </td>
        <td
          aria-sort={null}
          className="MuiTableCell-root MuiTableCell-body MuiTableCell-alignRight"
          style={
            Object {
              "width": "20%",
            }
          }
        >
          430,012,872.844027
        </td>
        <td
          aria-sort={null}
          className="MuiTableCell-root MuiTableCell-body"
          style={
            Object {
              "width": "20%",
            }
          }
        >
          <div
            id="StackBar"
            percentage={3.1754}
          />
        </td>
        <td
          aria-sort={null}
          className="MuiTableCell-root MuiTableCell-body MuiTableCell-alignRight"
          style={
            Object {
              "width": "20%",
            }
          }
        >
          $429,656,822.19
        </td>
      </tr>
      <tr
        className="MuiTableRow-root"
        role={null}
      >
        <td
          aria-sort={null}
          className="MuiTableCell-root MuiTableCell-body"
          style={
            Object {
              "width": "10%",
            }
          }
        >
          # 36
        </td>
        <td
          aria-sort={null}
          className="MuiTableCell-root MuiTableCell-body"
          style={
            Object {
              "width": "30%",
            }
          }
        >
          <a
            className="MuiTypography-root value MuiTypography-body1"
            href="/accounts/6gfi6GSjrhqc5xDLtDkVrTR61Hi7GMNPmJknxvbqzb1x"
            onClick={[Function]}
            onMouseEnter={[Function]}
          >
            6gfi6GSjrhqc5xDLtDkVrTR61Hi7GMNPmJknxvbqzb1x
          </a>
        </td>
        <td
          aria-sort={null}
          className="MuiTableCell-root MuiTableCell-body MuiTableCell-alignRight"
          style={
            Object {
              "width": "20%",
            }
          }
        >
          430,012,872.844027
        </td>
        <td
          aria-sort={null}
          className="MuiTableCell-root MuiTableCell-body"
          style={
            Object {
              "width": "20%",
            }
          }
        >
          <div
            id="StackBar"
            percentage={3.1754}
          />
        </td>
        <td
          aria-sort={null}
          className="MuiTableCell-root MuiTableCell-body MuiTableCell-alignRight"
          style={
            Object {
              "width": "20%",
            }
          }
        >
          $429,656,822.19
        </td>
      </tr>
      <tr
        className="MuiTableRow-root"
        role={null}
      >
        <td
          aria-sort={null}
          className="MuiTableCell-root MuiTableCell-body"
          style={
            Object {
              "width": "10%",
            }
          }
        >
          # 37
        </td>
        <td
          aria-sort={null}
          className="MuiTableCell-root MuiTableCell-body"
          style={
            Object {
              "width": "30%",
            }
          }
        >
          <a
            className="MuiTypography-root value MuiTypography-body1"
            href="/accounts/6gfi6GSjrhqc5xDLtDkVrTR61Hi7GMNPmJknxvbqzb1x"
            onClick={[Function]}
            onMouseEnter={[Function]}
          >
            6gfi6GSjrhqc5xDLtDkVrTR61Hi7GMNPmJknxvbqzb1x
          </a>
        </td>
        <td
          aria-sort={null}
          className="MuiTableCell-root MuiTableCell-body MuiTableCell-alignRight"
          style={
            Object {
              "width": "20%",
            }
          }
        >
          430,012,872.844027
        </td>
        <td
          aria-sort={null}
          className="MuiTableCell-root MuiTableCell-body"
          style={
            Object {
              "width": "20%",
            }
          }
        >
          <div
            id="StackBar"
            percentage={3.1754}
          />
        </td>
        <td
          aria-sort={null}
          className="MuiTableCell-root MuiTableCell-body MuiTableCell-alignRight"
          style={
            Object {
              "width": "20%",
            }
          }
        >
          $429,656,822.19
        </td>
      </tr>
      <tr
        className="MuiTableRow-root"
        role={null}
      >
        <td
          aria-sort={null}
          className="MuiTableCell-root MuiTableCell-body"
          style={
            Object {
              "width": "10%",
            }
          }
        >
          # 38
        </td>
        <td
          aria-sort={null}
          className="MuiTableCell-root MuiTableCell-body"
          style={
            Object {
              "width": "30%",
            }
          }
        >
          <a
            className="MuiTypography-root value MuiTypography-body1"
            href="/accounts/6gfi6GSjrhqc5xDLtDkVrTR61Hi7GMNPmJknxvbqzb1x"
            onClick={[Function]}
            onMouseEnter={[Function]}
          >
            6gfi6GSjrhqc5xDLtDkVrTR61Hi7GMNPmJknxvbqzb1x
          </a>
        </td>
        <td
          aria-sort={null}
          className="MuiTableCell-root MuiTableCell-body MuiTableCell-alignRight"
          style={
            Object {
              "width": "20%",
            }
          }
        >
          430,012,872.844027
        </td>
        <td
          aria-sort={null}
          className="MuiTableCell-root MuiTableCell-body"
          style={
            Object {
              "width": "20%",
            }
          }
        >
          <div
            id="StackBar"
            percentage={3.1754}
          />
        </td>
        <td
          aria-sort={null}
          className="MuiTableCell-root MuiTableCell-body MuiTableCell-alignRight"
          style={
            Object {
              "width": "20%",
            }
          }
        >
          $429,656,822.19
        </td>
      </tr>
      <tr
        className="MuiTableRow-root"
        role={null}
      >
        <td
          aria-sort={null}
          className="MuiTableCell-root MuiTableCell-body"
          style={
            Object {
              "width": "10%",
            }
          }
        >
          # 39
        </td>
        <td
          aria-sort={null}
          className="MuiTableCell-root MuiTableCell-body"
          style={
            Object {
              "width": "30%",
            }
          }
        >
          <a
            className="MuiTypography-root value MuiTypography-body1"
            href="/accounts/6gfi6GSjrhqc5xDLtDkVrTR61Hi7GMNPmJknxvbqzb1x"
            onClick={[Function]}
            onMouseEnter={[Function]}
          >
            6gfi6GSjrhqc5xDLtDkVrTR61Hi7GMNPmJknxvbqzb1x
          </a>
        </td>
        <td
          aria-sort={null}
          className="MuiTableCell-root MuiTableCell-body MuiTableCell-alignRight"
          style={
            Object {
              "width": "20%",
            }
          }
        >
          430,012,872.844027
        </td>
        <td
          aria-sort={null}
          className="MuiTableCell-root MuiTableCell-body"
          style={
            Object {
              "width": "20%",
            }
          }
        >
          <div
            id="StackBar"
            percentage={3.1754}
          />
        </td>
        <td
          aria-sort={null}
          className="MuiTableCell-root MuiTableCell-body MuiTableCell-alignRight"
          style={
            Object {
              "width": "20%",
            }
          }
        >
          $429,656,822.19
        </td>
      </tr>
      <tr
        className="MuiTableRow-root"
        role={null}
      >
        <td
          aria-sort={null}
          className="MuiTableCell-root MuiTableCell-body"
          style={
            Object {
              "width": "10%",
            }
          }
        >
          # 40
        </td>
        <td
          aria-sort={null}
          className="MuiTableCell-root MuiTableCell-body"
          style={
            Object {
              "width": "30%",
            }
          }
        >
          <a
            className="MuiTypography-root value MuiTypography-body1"
            href="/accounts/6gfi6GSjrhqc5xDLtDkVrTR61Hi7GMNPmJknxvbqzb1x"
            onClick={[Function]}
            onMouseEnter={[Function]}
          >
            6gfi6GSjrhqc5xDLtDkVrTR61Hi7GMNPmJknxvbqzb1x
          </a>
        </td>
        <td
          aria-sort={null}
          className="MuiTableCell-root MuiTableCell-body MuiTableCell-alignRight"
          style={
            Object {
              "width": "20%",
            }
          }
        >
          430,012,872.844027
        </td>
        <td
          aria-sort={null}
          className="MuiTableCell-root MuiTableCell-body"
          style={
            Object {
              "width": "20%",
            }
          }
        >
          <div
            id="StackBar"
            percentage={3.1754}
          />
        </td>
        <td
          aria-sort={null}
          className="MuiTableCell-root MuiTableCell-body MuiTableCell-alignRight"
          style={
            Object {
              "width": "20%",
            }
          }
        >
          $429,656,822.19
        </td>
      </tr>
    </tbody>
  </table>
</div>
`;
