// Jest Snapshot v1, https://goo.gl/fbAQLP

exports[`screen: Blocks matches snapshot 1`] = `
<div>
  <div
    className="makeStyles-root"
    id="Layout"
    navTitle="blocks"
  >
    <div
      exists={true}
      id="LoadAndExist"
      loading={false}
    >
      <div
        className="makeStyles-box"
        id="Box"
      >
        <div
          id="NoData"
        />
      </div>
    </div>
  </div>
</div>
`;
