// Jest Snapshot v1, https://goo.gl/fbAQLP

exports[`screen: Home/Transactions/Mobile matches snapshot 1`] = `
<div
  className=""
>
  <div
    block={
      <Link
        href="/blocks/2000"
        passHref={true}
      >
        <WithStyles(ForwardRef(Typography))
          component="a"
          variant="body1"
        >
          2,000
        </WithStyles(ForwardRef(Typography))>
      </Link>
    }
    hash={
      <Link
        href="/transactions/76nwV8zz8tLz97SBRXH6uwHvgHXtqJDLQfF66jZhQ857"
        passHref={true}
      >
        <WithStyles(ForwardRef(Typography))
          component="a"
          variant="body1"
        >
          76nwV8zz8tLz97S...hQ857
        </WithStyles(ForwardRef(Typography))>
      </Link>
    }
    id="SingleTransactionMobile"
    messages="12"
    result={
      <Result
        success={true}
      />
    }
    time="1 day ago"
  />
</div>
`;
