// Jest Snapshot v1, https://goo.gl/fbAQLP

exports[`screen: Home/Transactions/Mobile matches snapshot 1`] = `
<div
  className=""
>
  <div
    block={
      <div>
        4,000
      </div>
    }
    hash="76nwV8zz8tLz97SBRXH6uwHvgHXtqJDLQfF66jZhQ857"
    id="SingleTransactionMobile"
    messages="12"
    result={
      <div>
        result
      </div>
    }
    time="moments ago"
  />
</div>
`;
