// Jest Snapshot v1, https://goo.gl/fbAQLP

exports[`screen: Home/Blocks/Desktop matches snapshot 1`] = `
<div
  className="makeStyles-root"
>
  <div
    onScroll={[Function]}
    style={
      Object {
        "WebkitOverflowScrolling": "touch",
        "direction": "ltr",
        "height": 50,
        "overflow": "auto",
        "position": "relative",
        "width": 600,
        "willChange": "transform",
      }
    }
  >
    <div
      style={
        Object {
          "height": 50,
          "pointerEvents": undefined,
          "width": 600,
        }
      }
    >
      <div
        className="makeStyles-cell"
        style={
          Object {
            "height": 50,
            "left": 0,
            "position": "absolute",
            "right": undefined,
            "top": 0,
            "width": 90,
          }
        }
      >
        <h4
          className="MuiTypography-root MuiTypography-h4"
        >
          height
        </h4>
      </div>
      <div
        className="makeStyles-cell"
        style={
          Object {
            "height": 50,
            "left": 90,
            "position": "absolute",
            "right": undefined,
            "top": 0,
            "width": 150,
          }
        }
      >
        <h4
          className="MuiTypography-root MuiTypography-h4"
        >
          proposer
        </h4>
      </div>
      <div
        className="makeStyles-cell"
        style={
          Object {
            "height": 50,
            "left": 240,
            "position": "absolute",
            "right": undefined,
            "top": 0,
            "width": 150,
          }
        }
      >
        <h4
          className="MuiTypography-root MuiTypography-h4"
        >
          hash
        </h4>
      </div>
      <div
        className="makeStyles-cell"
        style={
          Object {
            "height": 50,
            "left": 390,
            "position": "absolute",
            "right": undefined,
            "top": 0,
            "width": 90,
          }
        }
      >
        <h4
          className="MuiTypography-root MuiTypography-h4 MuiTypography-alignRight"
        >
          txs
        </h4>
      </div>
      <div
        className="makeStyles-cell"
        style={
          Object {
            "height": 50,
            "left": 480,
            "position": "absolute",
            "right": undefined,
            "top": 0,
            "width": 120,
          }
        }
      >
        <h4
          className="MuiTypography-root MuiTypography-h4 MuiTypography-alignRight"
        >
          time
        </h4>
      </div>
    </div>
  </div>
  <div
    className="scrollbar"
    onScroll={[Function]}
    style={
      Object {
        "WebkitOverflowScrolling": "touch",
        "direction": "ltr",
        "height": 550,
        "overflow": "auto",
        "position": "relative",
        "width": 600,
        "willChange": "transform",
      }
    }
  >
    <div
      style={
        Object {
          "height": 100,
          "pointerEvents": undefined,
          "width": 600,
        }
      }
    >
      <div
        className="makeStyles-cell makeStyles-body odd"
        style={
          Object {
            "height": 50,
            "left": 0,
            "position": "absolute",
            "right": undefined,
            "top": 0,
            "width": 90,
          }
        }
      >
        <div
          className="MuiTypography-root MuiTypography-body1"
        >
          <a
            className="MuiTypography-root value MuiTypography-body1"
            href="/blocks/300"
            onClick={[Function]}
            onMouseEnter={[Function]}
          >
            300
          </a>
        </div>
      </div>
      <div
        className="makeStyles-cell makeStyles-body odd"
        style={
          Object {
            "height": 50,
            "left": 90,
            "position": "absolute",
            "right": undefined,
            "top": 0,
            "width": 150,
          }
        }
      >
        <div
          className="MuiTypography-root MuiTypography-body1"
        >
          <div
            address="address"
            id="AvatarName"
            name="proposer"
          />
        </div>
      </div>
      <div
        className="makeStyles-cell makeStyles-body odd"
        style={
          Object {
            "height": 50,
            "left": 240,
            "position": "absolute",
            "right": undefined,
            "top": 0,
            "width": 150,
          }
        }
      >
        <div
          className="MuiTypography-root MuiTypography-body1"
        >
          hash
        </div>
      </div>
      <div
        className="makeStyles-cell makeStyles-body odd"
        style={
          Object {
            "height": 50,
            "left": 390,
            "position": "absolute",
            "right": undefined,
            "top": 0,
            "width": 90,
          }
        }
      >
        <div
          className="MuiTypography-root MuiTypography-body1 MuiTypography-alignRight"
        >
          2
        </div>
      </div>
      <div
        className="makeStyles-cell makeStyles-body odd"
        style={
          Object {
            "height": 50,
            "left": 480,
            "position": "absolute",
            "right": undefined,
            "top": 0,
            "width": 120,
          }
        }
      >
        <div
          className="MuiTypography-root MuiTypography-body1 MuiTypography-alignRight"
        >
          1 day ago
        </div>
      </div>
      <div
        className="makeStyles-cell makeStyles-body"
        style={
          Object {
            "height": 50,
            "left": 0,
            "position": "absolute",
            "right": undefined,
            "top": 50,
            "width": 90,
          }
        }
      >
        <div
          className="MuiTypography-root MuiTypography-body1"
        >
          <a
            className="MuiTypography-root value MuiTypography-body1"
            href="/blocks/301"
            onClick={[Function]}
            onMouseEnter={[Function]}
          >
            301
          </a>
        </div>
      </div>
      <div
        className="makeStyles-cell makeStyles-body"
        style={
          Object {
            "height": 50,
            "left": 90,
            "position": "absolute",
            "right": undefined,
            "top": 50,
            "width": 150,
          }
        }
      >
        <div
          className="MuiTypography-root MuiTypography-body1"
        >
          <div
            address="address"
            id="AvatarName"
            name="proposer"
          />
        </div>
      </div>
      <div
        className="makeStyles-cell makeStyles-body"
        style={
          Object {
            "height": 50,
            "left": 240,
            "position": "absolute",
            "right": undefined,
            "top": 50,
            "width": 150,
          }
        }
      >
        <div
          className="MuiTypography-root MuiTypography-body1"
        >
          hash
        </div>
      </div>
      <div
        className="makeStyles-cell makeStyles-body"
        style={
          Object {
            "height": 50,
            "left": 390,
            "position": "absolute",
            "right": undefined,
            "top": 50,
            "width": 90,
          }
        }
      >
        <div
          className="MuiTypography-root MuiTypography-body1 MuiTypography-alignRight"
        >
          2
        </div>
      </div>
      <div
        className="makeStyles-cell makeStyles-body"
        style={
          Object {
            "height": 50,
            "left": 480,
            "position": "absolute",
            "right": undefined,
            "top": 50,
            "width": 120,
          }
        }
      >
        <div
          className="MuiTypography-root MuiTypography-body1 MuiTypography-alignRight"
        >
          1 day ago
        </div>
      </div>
    </div>
  </div>
</div>
`;
