// Jest Snapshot v1, https://goo.gl/fbAQLP

exports[`screen: Transactions/List matches snapshot 1`] = `
<TransactionsProvider>
  <div
    className="makeStyles-root"
    id="Box"
  >
    <div
      callback={[Function]}
      className="makeStyles-filter"
      id="TransactionsFilter"
    />
    <div
      className="makeStyles-list"
      id="TransactionsList"
      useContext={[MockFunction]}
    />
  </div>
</TransactionsProvider>
`;
