// Jest Snapshot v1, https://goo.gl/fbAQLP

exports[`screen: Blocks/List matches snapshot 1`] = `
<div
  id="Layout"
  navTitle="transactionDetails"
>
  <div
    exists={true}
    id="LoadAndExist"
    loading={false}
  >
    <span
      className="makeStyles-root"
    >
      <div
        data={
          Object {
            "error": "",
            "fee": Object {
              "denom": "daric",
              "format": "0,0.[000000]",
              "value": 0.00005,
            },
            "gasUsed": 149488,
            "gasWanted": 200000,
            "hash": "7D373DE5C5FB03EA72006F6CEC8F908545D435AE1C598A1B53AD0770C243822A",
            "height": 54290,
            "memo": "",
            "success": true,
            "timestamp": "2021-05-01T07:47:40.855759",
          }
        }
        id="Overview"
      />
      <div
        className="makeStyles-messages"
        id="Messages"
        messages={
          Array [
            MsgDelegate {
              "amount": Object {
                "amount": 8371578,
                "denom": "udaric",
              },
              "category": "staking",
              "delegatorAddress": "desmos18kvwy5hzcu3ss08lcfcnx0eajuecg69ujmkwjr",
              "json": Object {
                "@type": "/cosmos.staking.v1beta1.MsgDelegate",
                "amount": Object {
                  "amount": "8371578",
                  "denom": "udaric",
                },
                "delegator_address": "desmos18kvwy5hzcu3ss08lcfcnx0eajuecg69ujmkwjr",
                "validator_address": "desmosvaloper18kvwy5hzcu3ss08lcfcnx0eajuecg69uvk76c3",
              },
              "type": "/cosmos.staking.v1beta1.MsgDelegate",
              "validatorAddress": "desmosvaloper18kvwy5hzcu3ss08lcfcnx0eajuecg69uvk76c3",
            },
          ]
        }
        onMessageFilterCallback={[Function]}
        toggleMessageDisplay={[Function]}
        viewRaw={false}
      />
    </span>
  </div>
</div>
`;
