// Jest Snapshot v1, https://goo.gl/fbAQLP

exports[`screen: Blocks/List matches snapshot 1`] = `
<div
  className="makeStyles-root"
  id="Layout"
  navTitle="transactionDetails"
>
  <TransactionProvider>
    <div
      id="Overview"
    />
    <div
      className="makeStyles-instructions"
      id="Instructions"
    />
  </TransactionProvider>
</div>
`;
