// Jest Snapshot v1, https://goo.gl/fbAQLP

exports[`screen: ProfileDetails matches snapshot 1`] = `
<div
  id="Layout"
  navTitle="profileDetails"
>
  <div
    exists={true}
    id="LoadAndExist"
    loading={false}
  >
    <span
      className="makeStyles-root"
    >
      <div
        bio="hungry all the time"
        connections={[]}
        coverUrl="https://ipfs.desmos.network/ipfs/Qmf48cpgi2zNiH24Vo1xtVsePUJx9665gtiRduVCvV5fFg"
        dtag="happieSa"
        id="DesmosProfile"
        imageUrl="https://ipfs.desmos.network/ipfs/QmTvkdGrtBHHihjVajqqA2HAoHangeKR1oYbQWzasnPi7B"
        nickname="theHappySamoyed"
      />
      <div
        data={
          [
            {
              "creationTime": "2021-10-06T00:10:45.761731",
              "identifier": "desmos18tug2x5uwkgnh7qgadezvdntpwgjc88c98zuck",
              "network": "native",
            },
          ]
        }
        id="Connections"
      />
    </span>
  </div>
</div>
`;
