// Jest Snapshot v1, https://goo.gl/fbAQLP

exports[`screen: Home/Blocks/Mobile matches snapshot 1`] = `
.emotion-0 {
  height: 100%;
}

.emotion-1 {
  margin: 0;
  -webkit-flex-shrink: 0;
  -ms-flex-negative: 0;
  flex-shrink: 0;
  border-width: 0;
  border-style: solid;
  border-color: #707070;
  border-bottom-width: thin;
}

<div
  className="emotion-0"
>
  <div
    className="List"
    onScroll={[Function]}
    style={
      {
        "WebkitOverflowScrolling": "touch",
        "direction": "ltr",
        "height": 600,
        "overflow": "auto",
        "position": "relative",
        "width": 600,
        "willChange": "transform",
      }
    }
  >
    <div
      style={
        {
          "height": 200,
          "pointerEvents": undefined,
          "width": "100%",
        }
      }
    >
      <div
        style={
          {
            "height": 100,
            "left": 0,
            "position": "absolute",
            "right": undefined,
            "top": 0,
            "width": "100%",
          }
        }
      >
        <div>
          <div
            hash="hash"
            height={
              <ForwardRef(LinkComponent)
                className="value"
                href="/blocks/300"
                prefetch={false}
                shallow={true}
              >
                300
              </ForwardRef(LinkComponent)>
            }
            id="SingleBlockMobile"
            time={
              <Timestamp
                timestamp=""
              />
            }
            txs="2"
          />
          <hr
            className="MuiDivider-root MuiDivider-fullWidth emotion-1"
          />
        </div>
      </div>
      <div
        style={
          {
            "height": 100,
            "left": 0,
            "position": "absolute",
            "right": undefined,
            "top": 100,
            "width": "100%",
          }
        }
      >
        <div>
          <div
            hash="hash"
            height={
              <ForwardRef(LinkComponent)
                className="value"
                href="/blocks/301"
                prefetch={false}
                shallow={true}
              >
                301
              </ForwardRef(LinkComponent)>
            }
            id="SingleBlockMobile"
            time={
              <Timestamp
                timestamp=""
              />
            }
            txs="2"
          />
        </div>
      </div>
    </div>
  </div>
</div>
`;
