// Jest Snapshot v1, https://goo.gl/fbAQLP

exports[`screen: BlockDetails matches snapshot 1`] = `
<div
  id="Layout"
  navTitle="blocks:blockDetails"
>
  <div
    exists={true}
    id="LoadAndExist"
    loading={false}
  >
    <span
      className="makeStyles-root"
    >
      <div
        hash="4YJBguXbyjWNQ6o9SCCmUWab9KbxgAkmKdopCikRNSd7"
        id="Overview"
        leader="9QU2QSxhb24FUX3Tu2FpczXjpK3VYrvRudywSZaM29mF"
        slot={125048761}
        timestamp="2022-03-15T11:57:26"
        txs={1421}
      />
      <div
        id="Transactions"
        transactions={
          Array [
            Object {
              "numInstructions": 1,
              "signature": "AxVwePxYYKqGHSwrrpjwptp9km4N91fYtQcHgYvLNRKPEMp6ZNdQJd6wxA4KF3LHRbKS7iZwMWckmnT9YdATE2Y",
              "slot": 125056600,
              "success": true,
              "timestamp": "2022-03-15T11:57:26",
            },
          ]
        }
      />
    </span>
  </div>
</div>
`;
