// Jest Snapshot v1, https://goo.gl/fbAQLP

exports[`screen: Nav/TitleBar hook toggles correctly 1`] = `
<div
  className="makeStyles-root"
>
  <h1
    className="MuiTypography-root MuiTypography-h1"
  >
    hello world
  </h1>
  <div
    className="makeStyles-content"
  >
    <div
      className="makeStyles-item"
    >
      <p
        className="MuiTypography-root label MuiTypography-body1"
      >
        common:marketCap
      </p>
      <p
        className="MuiTypography-root MuiTypography-body1"
      >
        $66,851,913,386
      </p>
    </div>
    <div
      className="makeStyles-item"
    >
      <p
        className="MuiTypography-root label MuiTypography-body1"
      >
        common:maxSupply
      </p>
      <p
        className="MuiTypography-root MuiTypography-body1"
      >
        11,432,342,352,345 SOL
      </p>
    </div>
    <div
      className="makeStyles-item"
    >
      <p
        className="MuiTypography-root label MuiTypography-body1"
      >
        common:price
      </p>
      <p
        className="MuiTypography-root MuiTypography-body1"
      >
        $218.98
      </p>
    </div>
    <div
      className="makeStyles-item"
    >
      <p
        className="MuiTypography-root label MuiTypography-body1"
      >
        common:inflation
      </p>
      <p
        className="MuiTypography-root MuiTypography-body1"
      >
        14%
      </p>
    </div>
  </div>
</div>
`;
