// Jest Snapshot v1, https://goo.gl/fbAQLP

exports[`components: SingleTransaction matches snapshot 1`] = `
<div
  className="makeStyles-root"
>
  <div
    className="makeStyles-timeContainer"
  >
    <p
      className="MuiTypography-root value MuiTypography-body1"
    >
      <div>
        hash
      </div>
    </p>
  </div>
  <div
    className="makeStyles-itemContainer"
  >
    <div
      className="makeStyles-itemPrimaryDetailsContainer"
    >
      <div
        className="makeStyles-item block"
      >
        <h4
          className="MuiTypography-root label MuiTypography-h4"
        >
          transactions:block
        </h4>
        <div>
          block
        </div>
      </div>
      <div
        className="makeStyles-item time"
      >
        <h4
          className="MuiTypography-root label MuiTypography-h4"
        >
          transactions:time
        </h4>
        <p
          className="MuiTypography-root value MuiTypography-body1"
        >
          2021-07-13T08:00:00
        </p>
      </div>
      <div
        className="makeStyles-item messages"
      >
        <h4
          className="MuiTypography-root label MuiTypography-h4"
        >
          transactions:messages
        </h4>
        <p
          className="MuiTypography-root value MuiTypography-body1"
        >
          1,000
        </p>
      </div>
      <div
        className="makeStyles-item result"
      >
        <h4
          className="MuiTypography-root label MuiTypography-h4"
        >
          transactions:result
        </h4>
        <div>
          result
        </div>
      </div>
    </div>
    <hr
      className="MuiDivider-root"
    />
    <div
      className="makeStyles-item"
    >
      <div
        className="makeStyles-msgListContainer"
      >
        <div
          className="makeStyles-msg"
        >
          <div
            className="makeStyles-tags"
          >
            <div>
              type
            </div>
          </div>
          <div>
            message
          </div>
        </div>
      </div>
    </div>
  </div>
</div>
`;
