// Jest Snapshot v1, https://goo.gl/fbAQLP

exports[`screen: Home/Blocks/Mobile matches snapshot 1`] = `
<div
  className="css-fwexer-root"
  id="Box"
>
  <div
    className="css-19bwmp8-label"
  >
    <h2
      className="MuiTypography-root MuiTypography-h2 css-dcgvbp-MuiTypography-root"
    >
      latestBlocks
    </h2>
    <a
      href="/blocks"
      onClick={[Function]}
      onMouseEnter={[Function]}
      onTouchStart={[Function]}
    >
      <a
        aria-label="see more blocks"
        className="MuiTypography-root MuiTypography-h4 button css-15yyl88-MuiTypography-root"
      >
        seeMore
      </a>
    </a>
  </div>
  <div
    className="css-1tbeysr-root"
  >
    <span
      className="MuiCircularProgress-root MuiCircularProgress-indeterminate MuiCircularProgress-colorPrimary css-2bdkio-MuiCircularProgress-root"
      role="progressbar"
      style={
        {
          "height": 40,
          "width": 40,
        }
      }
    >
      <svg
        className="MuiCircularProgress-svg css-1idz92c-MuiCircularProgress-svg"
        viewBox="22 22 44 44"
      >
        <circle
          className="MuiCircularProgress-circle MuiCircularProgress-circleIndeterminate css-176wh8e-MuiCircularProgress-circle"
          cx={44}
          cy={44}
          fill="none"
          r={20.2}
          strokeWidth={3.6}
          style={{}}
        />
      </svg>
    </span>
  </div>
</div>
`;
