// Jest Snapshot v1, https://goo.gl/fbAQLP

exports[`screen: Transactions matches snapshot 1`] = `
<div
  className="makeStyles-root"
  id="Layout"
  navTitle="transactions:transactions"
>
  <div
    exists={true}
    id="LoadAndExist"
    loading={false}
  >
    <div
      className="makeStyles-box"
      id="Box"
    >
      <div
        hasNextPage={true}
        id="TransactionsList"
        isItemLoaded={[Function]}
        isNextPageLoading={false}
        itemCount={3}
        loadMoreItems={[Function]}
        loadNextPage={[Function]}
        transactions={
          Array [
            Object {
              "hash": "D223E2E4E4FD29868D1034EFE5FB162EAB78B4CCE1D53EFD4F34A40608FB6C4B",
              "height": 432022,
              "messages": Object {
                "count": 2,
                "items": Array [
                  MsgWithdrawDelegatorReward {
                    "amounts": Array [
                      Object {
                        "denom": "daric",
                        "format": "0,0.[000000]",
                        "value": 0,
                      },
                    ],
                    "category": "distribution",
                    "delegatorAddress": "desmos18kvwy5hzcu3ss08lcfcnx0eajuecg69ujmkwjr",
                    "json": Object {
                      "@type": "/cosmos.distribution.v1beta1.MsgWithdrawDelegatorReward",
                      "delegator_address": "desmos18kvwy5hzcu3ss08lcfcnx0eajuecg69ujmkwjr",
                      "validator_address": "desmosvaloper18kvwy5hzcu3ss08lcfcnx0eajuecg69uvk76c3",
                    },
                    "type": "/cosmos.distribution.v1beta1.MsgWithdrawDelegatorReward",
                    "validatorAddress": "desmosvaloper18kvwy5hzcu3ss08lcfcnx0eajuecg69uvk76c3",
                  },
                  MsgWithdrawValidatorCommission {
                    "amounts": Array [
                      Object {
                        "denom": "daric",
                        "format": "0,0.[000000]",
                        "value": 0,
                      },
                    ],
                    "category": "distribution",
                    "json": Object {
                      "@type": "/cosmos.distribution.v1beta1.MsgWithdrawValidatorCommission",
                      "validator_address": "desmosvaloper18kvwy5hzcu3ss08lcfcnx0eajuecg69uvk76c3",
                    },
                    "type": "/cosmos.distribution.v1beta1.MsgWithdrawValidatorCommission",
                    "validatorAddress": "desmosvaloper18kvwy5hzcu3ss08lcfcnx0eajuecg69uvk76c3",
                  },
                ],
              },
              "success": true,
              "timestamp": "2021-05-28T00:08:33.700487",
            },
            Object {
              "hash": "D223E2E4E4FD29868D1034EFE5FB162EAB78B4CCE1D53EFD4F34A40608FB6C4B",
              "height": 432022,
              "messages": Object {
                "count": 2,
                "items": Array [
                  MsgWithdrawDelegatorReward {
                    "amounts": Array [
                      Object {
                        "denom": "daric",
                        "format": "0,0.[000000]",
                        "value": 0,
                      },
                    ],
                    "category": "distribution",
                    "delegatorAddress": "desmos18kvwy5hzcu3ss08lcfcnx0eajuecg69ujmkwjr",
                    "json": Object {
                      "@type": "/cosmos.distribution.v1beta1.MsgWithdrawDelegatorReward",
                      "delegator_address": "desmos18kvwy5hzcu3ss08lcfcnx0eajuecg69ujmkwjr",
                      "validator_address": "desmosvaloper18kvwy5hzcu3ss08lcfcnx0eajuecg69uvk76c3",
                    },
                    "type": "/cosmos.distribution.v1beta1.MsgWithdrawDelegatorReward",
                    "validatorAddress": "desmosvaloper18kvwy5hzcu3ss08lcfcnx0eajuecg69uvk76c3",
                  },
                  MsgWithdrawValidatorCommission {
                    "amounts": Array [
                      Object {
                        "denom": "daric",
                        "format": "0,0.[000000]",
                        "value": 0,
                      },
                    ],
                    "category": "distribution",
                    "json": Object {
                      "@type": "/cosmos.distribution.v1beta1.MsgWithdrawValidatorCommission",
                      "validator_address": "desmosvaloper18kvwy5hzcu3ss08lcfcnx0eajuecg69uvk76c3",
                    },
                    "type": "/cosmos.distribution.v1beta1.MsgWithdrawValidatorCommission",
                    "validatorAddress": "desmosvaloper18kvwy5hzcu3ss08lcfcnx0eajuecg69uvk76c3",
                  },
                ],
              },
              "success": true,
              "timestamp": "2021-05-28T00:08:33.700487",
            },
          ]
        }
      />
    </div>
  </div>
</div>
`;
