// Jest Snapshot v1, https://goo.gl/fbAQLP

exports[`screen: BlockDetails/Overview matches snapshot 1`] = `
<div
  className="makeStyles-root"
  id="Box"
>
  <div
    id="#10"
    status="status"
    title="title"
  />
  <hr
    className="MuiDivider-root"
  />
  <div
    className="makeStyles-content"
  >
    <p
      className="MuiTypography-root label MuiTypography-body1"
    >
      type
    </p>
    <p
      className="MuiTypography-root value MuiTypography-body1"
    >
      
    </p>
    <p
      className="MuiTypography-root label MuiTypography-body1"
    >
      proposer
    </p>
    <div
      address=""
      id="Name"
      name=""
    />
    <p
      className="MuiTypography-root label MuiTypography-body1"
    >
      submitTime
    </p>
    <p
      className="MuiTypography-root value MuiTypography-body1"
    >
      2020-08-10 12:00:00
    </p>
    <p
      className="MuiTypography-root label MuiTypography-body1"
    >
      depositEndTime
    </p>
    <p
      className="MuiTypography-root value MuiTypography-body1"
    >
      2020-08-10 12:00:00
    </p>
    <p
      className="MuiTypography-root label MuiTypography-body1"
    >
      description
    </p>
    <div
      id="Markdown"
      markdown="description"
    />
    <p
      className="MuiTypography-root label MuiTypography-body1"
    >
      content
    </p>
    <div
      className="content"
    >
      <div
        className="recipient"
      >
        <p
          className="MuiTypography-root MuiTypography-body1"
        >
          recipient
        </p>
        <div
          id="Name"
        />
      </div>
      <div
        className="amountRequested"
      >
        <p
          className="MuiTypography-root MuiTypography-body1"
        >
          amountRequested
        </p>
        <p
          className="MuiTypography-root MuiTypography-body1"
        >
          
        </p>
      </div>
    </div>
  </div>
</div>
`;
