// Jest Snapshot v1, https://goo.gl/fbAQLP

exports[`screen: BlockDetails/Overview matches snapshot 1`] = `
<div
  className=""
  id="Box"
>
  <div
    id="3"
    status={
      <div>
        status
      </div>
    }
    title="title"
  />
  <hr
    className="MuiDivider-root"
  />
  <div
    className="makeStyles-content"
  >
    <p
      className="MuiTypography-root label MuiTypography-body1"
    >
      proposals:type
    </p>
    <p
      className="MuiTypography-root value MuiTypography-body1"
    >
      proposals:type
    </p>
    <p
      className="MuiTypography-root label MuiTypography-body1"
    >
      proposals:description
    </p>
    <p
      className="MuiTypography-root value MuiTypography-body1"
    >
      description
    </p>
    <p
      className="MuiTypography-root label MuiTypography-body1"
    >
      proposals:submitTime
    </p>
    <p
      className="MuiTypography-root value MuiTypography-body1"
    >
      submitTime
    </p>
    <p
      className="MuiTypography-root label MuiTypography-body1"
    >
      proposals:depositEndTime
    </p>
    <p
      className="MuiTypography-root value MuiTypography-body1"
    >
      depositEndTime
    </p>
  </div>
</div>
`;
