// Jest Snapshot v1, https://goo.gl/fbAQLP

exports[`screen: BlockDetails/Overview matches snapshot 1`] = `
<div
  details={
    Array [
      Object {
        "className": "makeStyles-copyText",
        "detail": <React.Fragment>
          <SvgIconCopy
            className="makeStyles-actionIcons"
            onClick={[Function]}
          />
          <SvgIconShare
            className="makeStyles-actionIcons"
            onClick={[Function]}
          />
          <WithStyles(ForwardRef(Typography))
            className="value"
            variant="body1"
          >
            address
          </WithStyles(ForwardRef(Typography))>
        </React.Fragment>,
        "label": "accounts:address",
      },
      Object {
        "className": "makeStyles-copyText",
        "detail": <React.Fragment>
          <SvgIconCopy
            className="makeStyles-actionIcons"
            onClick={[Function]}
          />
          <WithStyles(ForwardRef(Typography))
            className="value"
            variant="body1"
          >
            withdrawaddress
          </WithStyles(ForwardRef(Typography))>
        </React.Fragment>,
        "label": "accounts:rewardAddress",
      },
    ]
  }
  id="BoxDetails"
  title="accounts:overview"
/>
`;
