// Jest Snapshot v1, https://goo.gl/fbAQLP

exports[`screen: AccountDetails/Overview matches snapshot 1`] = `
<div
  className="makeStyles-root"
  id="Box"
>
  <div
    className="makeStyles-copyText makeStyles-item"
  >
    <p
      className="MuiTypography-root label MuiTypography-body1"
    >
      accounts:address
    </p>
    <div
      className="detail"
    >
      <
        className="makeStyles-actionIcons"
        onClick={[Function]}
      />
      <
        className="makeStyles-actionIcons"
        onClick={[Function]}
      />
      <p
        className="MuiTypography-root value MuiTypography-body1"
      >
        address
      </p>
    </div>
  </div>
  <div
    className="makeStyles-copyText makeStyles-item"
  >
    <p
      className="MuiTypography-root label MuiTypography-body1"
    >
      accounts:rewardAddress
    </p>
    <div
      className="detail"
    >
      <
        className="makeStyles-actionIcons"
        onClick={[Function]}
      />
      <p
        className="MuiTypography-root value MuiTypography-body1"
      >
        withdrawalAddress
      </p>
    </div>
  </div>
</div>
`;
