// Jest Snapshot v1, https://goo.gl/fbAQLP

exports[`components: TransactionsList matches snapshot 1`] = `
<div
  className=""
>
  <div
    className="makeStyles-mobile"
    id="Mobile"
    useContext={[MockFunction]}
  />
  <div
    className="makeStyles-desktop"
    id="Desktop"
    useContext={[MockFunction]}
  />
</div>
`;
