// Jest Snapshot v1, https://goo.gl/fbAQLP

exports[`screen: Blocks matches snapshot 1`] = `
.emotion-0 {
  padding: 16px;
}

@media (min-width: 1280px) {
  .emotion-0 {
    padding: 16px 24px;
  }
}

.emotion-0 a {
  color: #2F65DD;
}

<div
  className="emotion-0"
  id="Layout"
  navTitle="nfts"
>
  <div
    id="List"
  />
</div>
`;
