// Jest Snapshot v1, https://goo.gl/fbAQLP

exports[`screen: Home/Blocks/Desktop matches snapshot 1`] = `
<div
  className="makeStyles-root"
>
  <table
    className="MuiTable-root makeStyles-table"
    role={null}
  >
    <thead
      className="MuiTableHead-root"
      role={null}
    >
      <tr
        className="MuiTableRow-root MuiTableRow-head"
        role={null}
      >
        <th
          aria-sort={null}
          className="MuiTableCell-root MuiTableCell-head"
          scope="col"
        >
          height
        </th>
        <th
          aria-sort={null}
          className="MuiTableCell-root MuiTableCell-head"
          scope="col"
        >
          proposer
        </th>
        <th
          aria-sort={null}
          className="MuiTableCell-root MuiTableCell-head"
          scope="col"
        >
          hash
        </th>
        <th
          aria-sort={null}
          className="MuiTableCell-root MuiTableCell-head MuiTableCell-alignRight"
          scope="col"
        >
          txs
        </th>
        <th
          aria-sort={null}
          className="MuiTableCell-root MuiTableCell-head MuiTableCell-alignRight"
          scope="col"
        >
          time
        </th>
      </tr>
    </thead>
    <tbody
      className="MuiTableBody-root"
      role={null}
    >
      <tr
        className="MuiTableRow-root"
        role={null}
      >
        <td
          aria-sort={null}
          className="MuiTableCell-root MuiTableCell-body"
        >
          <a
            className="MuiTypography-root value MuiTypography-body1"
            href="/blocks/4000"
            onClick={[Function]}
            onMouseEnter={[Function]}
          >
            4,000
          </a>
        </td>
        <td
          aria-sort={null}
          className="MuiTableCell-root MuiTableCell-body"
        >
          <div
            address="desmosvalcons1why72hjk945yhckcy5hzk2z2w9d5h65t9am0kd"
            id="AvatarName"
            imageUrl=""
            name="name"
          />
        </td>
        <td
          aria-sort={null}
          className="MuiTableCell-root MuiTableCell-body"
        >
          <div
            className="makeStyles-copyContainer"
            onClick={[Function]}
            role="button"
          >
            76nwV8...hQ857
            <div
              className="makeStyles-copyPopup false"
            >
              <svg
                aria-hidden={true}
                className="MuiSvgIcon-root MuiSvgIcon-fontSizeMedium css-i4bv87-MuiSvgIcon-root"
                data-testid="ContentCopyRoundedIcon"
                focusable="false"
                viewBox="0 0 24 24"
              >
                <path
                  d="M15 20H5V7c0-.55-.45-1-1-1s-1 .45-1 1v13c0 1.1.9 2 2 2h10c.55 0 1-.45 1-1s-.45-1-1-1zm5-4V4c0-1.1-.9-2-2-2H9c-1.1 0-2 .9-2 2v12c0 1.1.9 2 2 2h9c1.1 0 2-.9 2-2zm-2 0H9V4h9v12z"
                />
              </svg>
              <span
                style={
                  Object {
                    "opacity": 0,
                  }
                }
              >
                Copied
              </span>
            </div>
          </div>
        </td>
        <td
          aria-sort={null}
          className="MuiTableCell-root MuiTableCell-body MuiTableCell-alignRight"
        >
          12
        </td>
        <td
          aria-sort={null}
          className="MuiTableCell-root MuiTableCell-body MuiTableCell-alignRight"
        >
          1 day ago
        </td>
      </tr>
    </tbody>
  </table>
</div>
`;
