// Jest Snapshot v1, https://goo.gl/fbAQLP

exports[`screen: Epoch/EpochDetail/Mobile matches snapshot 1`] = `
<div>
  <div
    className="makeStyles-root"
  >
    <div
      className="makeStyles-flex"
    >
      <div
        className="makeStyles-item"
      >
        <div
          className="label"
          id="Typography"
          variant="h4"
        >
          name
        </div>
        <div
          className="value"
          id="Typography"
          variant="body1"
        >
          Foundation
        </div>
      </div>
      <div
        className="makeStyles-item"
      >
        <div
          className="label"
          id="Typography"
          variant="h4"
        >
          value
        </div>
        <div
          className="value"
          id="Typography"
          variant="body1"
        >
          0
        </div>
      </div>
    </div>
    <div
      className="makeStyles-item"
    >
      <div
        className="label"
        id="Typography"
        variant="h4"
      >
        detail
      </div>
      <div
        className="value"
        id="Typography"
        variant="body1"
      >
        Percentage of total inflation allocated to the foundation
      </div>
    </div>
  </div>
  <div
    id="Divider"
  />
  <div
    className="makeStyles-root"
  >
    <div
      className="makeStyles-flex"
    >
      <div
        className="makeStyles-item"
      >
        <div
          className="label"
          id="Typography"
          variant="h4"
        >
          name
        </div>
        <div
          className="value"
          id="Typography"
          variant="body1"
        >
          FoundationTerm
        </div>
      </div>
      <div
        className="makeStyles-item"
      >
        <div
          className="label"
          id="Typography"
          variant="h4"
        >
          value
        </div>
        <div
          className="value"
          id="Typography"
          variant="body1"
        >
          0
        </div>
      </div>
    </div>
    <div
      className="makeStyles-item"
    >
      <div
        className="label"
        id="Typography"
        variant="h4"
      >
        detail
      </div>
      <div
        className="value"
        id="Typography"
        variant="body1"
      >
        Duration of foundation pool inflation in years
      </div>
    </div>
  </div>
  <div
    id="Divider"
  />
  <div
    className="makeStyles-root"
  >
    <div
      className="makeStyles-flex"
    >
      <div
        className="makeStyles-item"
      >
        <div
          className="label"
          id="Typography"
          variant="h4"
        >
          name
        </div>
        <div
          className="value"
          id="Typography"
          variant="body1"
        >
          Initial
        </div>
      </div>
      <div
        className="makeStyles-item"
      >
        <div
          className="label"
          id="Typography"
          variant="h4"
        >
          value
        </div>
        <div
          className="value"
          id="Typography"
          variant="body1"
        >
          0.08
        </div>
      </div>
    </div>
    <div
      className="makeStyles-item"
    >
      <div
        className="label"
        id="Typography"
        variant="h4"
      >
        detail
      </div>
      <div
        className="value"
        id="Typography"
        variant="body1"
      >
        The initial inflation percentage from time 0
      </div>
    </div>
  </div>
  <div
    id="Divider"
  />
  <div
    className="makeStyles-root"
  >
    <div
      className="makeStyles-flex"
    >
      <div
        className="makeStyles-item"
      >
        <div
          className="label"
          id="Typography"
          variant="h4"
        >
          name
        </div>
        <div
          className="value"
          id="Typography"
          variant="body1"
        >
          tTaper
        </div>
      </div>
      <div
        className="makeStyles-item"
      >
        <div
          className="label"
          id="Typography"
          variant="h4"
        >
          value
        </div>
        <div
          className="value"
          id="Typography"
          variant="body1"
        >
          0.15
        </div>
      </div>
    </div>
    <div
      className="makeStyles-item"
    >
      <div
        className="label"
        id="Typography"
        variant="h4"
      >
        detail
      </div>
      <div
        className="value"
        id="Typography"
        variant="body1"
      >
        Rate per year at which inflation is lowered. Rate reduction is derived using the target slot time in genesis config
      </div>
    </div>
  </div>
  <div
    id="Divider"
  />
  <div
    className="makeStyles-root"
  >
    <div
      className="makeStyles-flex"
    >
      <div
        className="makeStyles-item"
      >
        <div
          className="label"
          id="Typography"
          variant="h4"
        >
          name
        </div>
        <div
          className="value"
          id="Typography"
          variant="body1"
        >
          Terminal
        </div>
      </div>
      <div
        className="makeStyles-item"
      >
        <div
          className="label"
          id="Typography"
          variant="h4"
        >
          value
        </div>
        <div
          className="value"
          id="Typography"
          variant="body1"
        >
          0.015
        </div>
      </div>
    </div>
    <div
      className="makeStyles-item"
    >
      <div
        className="label"
        id="Typography"
        variant="h4"
      >
        detail
      </div>
      <div
        className="value"
        id="Typography"
        variant="body1"
      >
        Terminal inflation percentage
      </div>
    </div>
  </div>
</div>
`;
