// Jest Snapshot v1, https://goo.gl/fbAQLP

exports[`component: SingleSlotMobile matches snapshot 1`] = `
.emotion-0 {
  margin: 16px 0px;
}

.emotion-1 {
  margin-bottom: 16px;
}

.emotion-1 .label {
  margin-bottom: 8px;
  color: #818181;
}

.emotion-1 p.value {
  color: #C4C4C4;
}

.emotion-1 a {
  color: #0075FF;
}

.emotion-2 {
  margin: 0;
  font-size: 1rem;
  letter-spacing: 0.15px;
  font-family: "Roboto","Helvetica","Arial",sans-serif;
  font-weight: 400;
  line-height: 1.235;
}

.emotion-5 {
  margin: 0;
  font-size: 1rem;
  white-space: pre-wrap;
  letter-spacing: 0.5px;
  font-family: "Roboto","Helvetica","Arial",sans-serif;
  font-weight: 400;
  line-height: 1.5;
}

.emotion-9 {
  display: -webkit-box;
  display: -webkit-flex;
  display: -ms-flexbox;
  display: flex;
  -webkit-align-items: center;
  -webkit-box-align: center;
  -ms-flex-align: center;
  align-items: center;
  -webkit-box-pack: start;
  -ms-flex-pack: start;
  -webkit-justify-content: flex-start;
  justify-content: flex-start;
}

.emotion-9>div {
  width: 50%;
}

<div
  className="emotion-0"
>
  <div
    className="emotion-1"
  >
    <h4
      className="MuiTypography-root MuiTypography-h4 label emotion-2"
    >
      height
    </h4>
    <div
      id="height"
    />
  </div>
  <div
    className="emotion-1"
  >
    <h4
      className="MuiTypography-root MuiTypography-h4 label emotion-2"
    >
      hash
    </h4>
    <p
      className="MuiTypography-root MuiTypography-body1 value emotion-5"
    >
      hash
    </p>
  </div>
  <div
    className="emotion-1"
  >
    <h4
      className="MuiTypography-root MuiTypography-h4 label emotion-2"
    >
      parentHash
    </h4>
    <p
      className="MuiTypography-root MuiTypography-body1 value emotion-5"
    >
      parentHash
    </p>
  </div>
  <div
    className="emotion-9"
  >
    <div
      className="emotion-1"
    >
      <h4
        className="MuiTypography-root MuiTypography-h4 label emotion-2"
      >
        txs
      </h4>
      <p
        className="MuiTypography-root MuiTypography-body1 value emotion-5"
      >
        txs
      </p>
    </div>
    <div
      className="emotion-1"
    >
      <h4
        className="MuiTypography-root MuiTypography-h4 label emotion-2"
      >
        time
      </h4>
      <p
        className="MuiTypography-root MuiTypography-body1 value emotion-5"
      >
        time
      </p>
    </div>
  </div>
</div>
`;
