// Jest Snapshot v1, https://goo.gl/fbAQLP

exports[`screen: Home/Blocks/Mobile matches snapshot 1`] = `
<div
  className="makeStyles-root"
>
  <div
    className="List"
    onScroll={[Function]}
    style={
      Object {
        "WebkitOverflowScrolling": "touch",
        "direction": "ltr",
        "height": 600,
        "overflow": "auto",
        "position": "relative",
        "width": 600,
        "willChange": "transform",
      }
    }
  >
    <div
      style={
        Object {
          "height": 100,
          "pointerEvents": undefined,
          "width": "100%",
        }
      }
    >
      <div
        style={
          Object {
            "height": 100,
            "left": 0,
            "position": "absolute",
            "right": undefined,
            "top": 0,
            "width": "100%",
          }
        }
      >
        <div>
          <div
            block={
              <div>
                block
              </div>
            }
            hash={
              <div>
                76nwV8zz8tLz97SBRXH6uwHvgHXtqJDLQfF66jZhQ857
              </div>
            }
            id="SingleTransactionMobile"
            messages="2"
            result={
              <div>
                success
              </div>
            }
            time="time"
          />
        </div>
      </div>
    </div>
  </div>
</div>
`;
