// Jest Snapshot v1, https://goo.gl/fbAQLP

exports[`screen: ProposalDetails matches snapshot 1`] = `
<div
  className="makeStyles-root"
  id="Layout"
  navTitle="proposals:proposalDetails"
>
  <ProposalProvider>
    <div
      className="makeStyles-overview"
      id="Overview"
    />
    <div
      className="makeStyles-votesGraph"
      id="VotesGraph"
    />
    <div
      className="makeStyles-votes"
      id="Votes"
    />
    <div
      className="makeStyles-deposits"
      id="Deposits"
    />
  </ProposalProvider>
</div>
`;
