// Jest Snapshot v1, https://goo.gl/fbAQLP

exports[`screen: ProposalDetails matches snapshot 1`] = `
<div
  id="Layout"
  navTitle="proposals:proposalDetails"
>
  <div
    exists={true}
    id="LoadAndExist"
    loading={false}
  >
    <span
      className="makeStyles-root"
    >
      <div
        className="makeStyles-overview"
        content={
          Object {
            "@type": "/cosmos.upgrade.v1beta1.SoftwareUpgradeProposal",
            "description": "This proposal aims at upgrading the chain software to version v1.0.4, alligning _Morpheus Apollo_ to the same Desmos version of our mainnet. This will allow us to test future mainnet on-chain upgrades here before they go live on our official chain. By voting YES to this proposal you will signal that you are ready for the upgrade. If this proposal passes, the upgrade will be scheduled to happen at height 2.121.236 which will be around Friday September 24th 2021 07:00 UTC.",
            "plan": Object {
              "height": "2121236",
              "info": "https://raw.githubusercontent.com/desmos-labs/morpheus/master/morpheus-apollo-2/upgrades/v1.0.4.json?checksum=sha256:fbfb8eda3337b392cb9b2d712a7b575d6f6d19a3a7aa6f2c84bac4307ecdd880",
              "name": "v1.0.4",
              "time": "0001-01-01T00:00:00Z",
              "upgraded_client_state": null,
            },
            "title": "Desmos v1.0.4 upgrade",
          }
        }
        depositEndTime="2021-09-23T10:00:30.107709"
        description="This proposal aims at upgrading the chain software to version v1.0.4, alligning _Morpheus Apollo_ to the same Desmos version of our mainnet. This will allow us to test future mainnet on-chain upgrades here before they go live on our official chain. By voting YES to this proposal you will signal that you are ready for the upgrade. If this proposal passes, the upgrade will be scheduled to happen at height 2.121.236 which will be around Friday September 24th 2021 07:00 UTC."
        id={22}
        status="PROPOSAL_STATUS_PASSED"
        submitTime="2021-09-21T10:00:30.107709"
        title="Desmos v1.0.4 upgrade"
        votingEndTime="2021-09-23T10:01:10.657743"
        votingStartTime="2021-09-21T10:01:10.657743"
      />
      <div
        className="makeStyles-votesGraph"
        data={
          Object {
            "abstain": 0,
            "bondedTokens": 30959846.018678,
            "denom": "udaric",
            "no": 0,
            "quorum": 0.33,
            "total": 18099851.525752,
            "veto": 0,
            "yes": 18099851.525752,
          }
        }
        id="VotesGraph"
      />
      <div
        abstain={0}
        className="makeStyles-votes"
        data={
          Array [
            Object {
              "user": "desmos1kmw9et4e99ascgdw0mmkt63mggjuu0xuqjx30w",
              "vote": "VOTE_OPTION_YES",
            },
          ]
        }
        handleTabChange={[Function]}
        id="Votes"
        no={0}
        notVoted={1}
        notVotedData={
          Array [
            Object {
              "user": "desmosvalcons1c29eyczh5lw4npe0a9n40nm5g299fq8nt5lerw",
              "vote": "NOT_VOTED",
            },
          ]
        }
        tab={0}
        total={1}
        veto={0}
        yes={1}
      />
      <div
        className="makeStyles-deposits"
        data={
          Array [
            Object {
              "amount": Object {
                "denom": "daric",
                "format": "0,0.[000000]",
                "value": 100,
              },
              "user": "desmos1kmw9et4e99ascgdw0mmkt63mggjuu0xuqjx30w",
            },
          ]
        }
        id="Deposits"
      />
    </span>
  </div>
</div>
`;
