// Jest Snapshot v1, https://goo.gl/fbAQLP

exports[`screen: TransactionDetails/SubmitProposal matches snapshot 1`] = `
<p
  className="MuiTypography-root MuiTypography-body1"
>
  <div
    components={
      Array [
        <Name
          address="desmos1jrld5g998gqm4yx26l6cvhxz7y5adgxquy94nz"
          name="desmos1jrld5g998gqm4yx26l6cvhxz7y5adgxquy94nz"
        />,
      ]
    }
    i18nKey="message_contents:txSubmitProposalContent"
    id="Trans"
  />
</p>
`;

exports[`screen: TransactionDetails/SubmitProposal matches snapshot with Community Pool Spend Proposal 1`] = `
<p
  className="MuiTypography-root MuiTypography-body1"
>
  <div
    components={
      Array [
        <Name
          address="desmos1jrld5g998gqm4yx26l6cvhxz7y5adgxquy94nz"
          name="desmos1jrld5g998gqm4yx26l6cvhxz7y5adgxquy94nz"
        />,
      ]
    }
    i18nKey="message_contents:txSubmitProposalContent"
    id="Trans"
  />
</p>
`;

exports[`screen: TransactionDetails/SubmitProposal matches snapshot with Parameter Change Proposal 1`] = `
<p
  className="MuiTypography-root MuiTypography-body1"
>
  <div
    components={
      Array [
        <Name
          address="desmos1jrld5g998gqm4yx26l6cvhxz7y5adgxquy94nz"
          name="desmos1jrld5g998gqm4yx26l6cvhxz7y5adgxquy94nz"
        />,
      ]
    }
    i18nKey="message_contents:txSubmitProposalContent"
    id="Trans"
  />
</p>
`;

exports[`screen: TransactionDetails/SubmitProposal matches snapshot with Software Upgrade Proposal 1`] = `
<p
  className="MuiTypography-root MuiTypography-body1"
>
  <div
    components={
      Array [
        <Name
          address="desmos1jrld5g998gqm4yx26l6cvhxz7y5adgxquy94nz"
          name="desmos1jrld5g998gqm4yx26l6cvhxz7y5adgxquy94nz"
        />,
      ]
    }
    i18nKey="message_contents:txSubmitProposalContent"
    id="Trans"
  />
</p>
`;

exports[`screen: TransactionDetails/SubmitProposal matches snapshot with Text Proposal 1`] = `
<p
  className="MuiTypography-root MuiTypography-body1"
>
  <div
    components={
      Array [
        <Name
          address="desmos1jrld5g998gqm4yx26l6cvhxz7y5adgxquy94nz"
          name="desmos1jrld5g998gqm4yx26l6cvhxz7y5adgxquy94nz"
        />,
      ]
    }
    i18nKey="message_contents:txSubmitProposalContent"
    id="Trans"
  />
</p>
`;
