// Jest Snapshot v1, https://goo.gl/fbAQLP

exports[`screen: _app matches snapshot 1`] = `
[
  <div
    className="Toastify"
  />,
  <div
    className="makeStyles-root-1"
  >
    <div>
      <span
        className="makeStyles-logo-2 makeStyles-container-4"
      >
        <img
          alt="logo"
          className="makeStyles-dark-6"
          data-nimg="future"
          decoding="async"
          height={0}
          loading="lazy"
          onError={[Function]}
          onLoad={[Function]}
          src="svg"
          style={
            {
              "color": "transparent",
            }
          }
          width={0}
        />
        <img
          alt="logo"
          className="makeStyles-light-5"
          data-nimg="future"
          decoding="async"
          height={0}
          loading="lazy"
          onError={[Function]}
          onLoad={[Function]}
          src="svg"
          style={
            {
              "color": "transparent",
            }
          }
          width={0}
        />
      </span>
      <div
        className="MuiLinearProgress-root MuiLinearProgress-colorPrimary makeStyles-divider-3 MuiLinearProgress-indeterminate"
        role="progressbar"
      >
        <div
          className="MuiLinearProgress-bar MuiLinearProgress-barColorPrimary MuiLinearProgress-bar1Indeterminate"
          style={{}}
        />
        <div
          className="MuiLinearProgress-bar MuiLinearProgress-bar2Indeterminate MuiLinearProgress-barColorPrimary"
          style={{}}
        />
      </div>
      <svg />
    </div>
  </div>,
]
`;
