// Jest Snapshot v1, https://goo.gl/fbAQLP

exports[`screen: TransactionDetails/Grant matches snapshot 1`] = `
<div>
  <p
    className="MuiTypography-root MuiTypography-body1"
  >
    <div
      components={
        [
          <Unknown
            address="sponderbob"
            name="sponderbob"
          />,
          <Unknown
            address="grantee"
            name="grantee"
          />,
        ]
      }
      i18nKey="message_contents:MsgGrant"
      id="Trans"
    />
  </p>
</div>
`;
