// Jest Snapshot v1, https://goo.gl/fbAQLP

exports[`component: Avatar matches snapshot 1`] = `
<div
  className="makeStyles-root"
>
  <svg
    data-jdenticon-value="123"
    height="100%"
    width="100%"
  />
</div>
`;

exports[`component: Avatar matches snapshot with imageUrl 1`] = `
<div
  className="makeStyles-root"
>
  <img
    alt="address avatar"
    onError={[Function]}
    src="https://s3.amazonaws.com/keybase_processed_uploads/f5b0771af36b2e3d6a196a29751e1f05_360_360.jpeg"
  />
</div>
`;
