// Jest Snapshot v1, https://goo.gl/fbAQLP

exports[`component: SingleSlotMobile matches snapshot 1`] = `
<div
  className="tss-1bnteyo-root"
>
  <div
    className="tss-1t94r6n-flex"
  >
    <div
      className="tss-16zf8r-item"
    >
      <h4
        className="MuiTypography-root MuiTypography-h4 label mui-15yyl88-MuiTypography-root"
      >
        block
      </h4>
      block
    </div>
  </div>
  <div
    className="tss-16zf8r-item"
  >
    <h4
      className="MuiTypography-root MuiTypography-h4 label mui-15yyl88-MuiTypography-root"
    >
      hash
    </h4>
    <p
      className="MuiTypography-root MuiTypography-body1 value mui-pfovru-MuiTypography-root"
    >
      hash
    </p>
  </div>
  <div
    className="tss-1t94r6n-flex"
  >
    <div
      className="tss-16zf8r-item"
    >
      <h4
        className="MuiTypography-root MuiTypography-h4 label mui-15yyl88-MuiTypography-root"
      >
        txs
      </h4>
      <p
        className="MuiTypography-root MuiTypography-body1 value mui-pfovru-MuiTypography-root"
      >
        txs
      </p>
    </div>
    <div
      className="tss-16zf8r-item"
    >
      <h4
        className="MuiTypography-root MuiTypography-h4 label mui-15yyl88-MuiTypography-root"
      >
        time
      </h4>
      <p
        className="MuiTypography-root MuiTypography-body1 value mui-pfovru-MuiTypography-root"
      >
        time
      </p>
    </div>
  </div>
</div>
`;
