// Jest Snapshot v1, https://goo.gl/fbAQLP

exports[`components: SingleTransaction matches snapshot 1`] = `
<div
  className="makeStyles-root"
>
  <div
    className="makeStyles-timeContainer"
  >
    <p
      className="MuiTypography-root MuiTypography-body1 value css-pfovru-MuiTypography-root"
    >
      <div>
        hash
      </div>
    </p>
  </div>
  <div
    className="makeStyles-itemContainer"
  >
    <div
      className="makeStyles-itemPrimaryDetailsContainer"
    >
      <div
        className="makeStyles-item block"
      >
        <h4
          className="MuiTypography-root MuiTypography-h4 label css-15yyl88-MuiTypography-root"
        >
          block
        </h4>
        <div>
          block
        </div>
      </div>
      <div
        className="makeStyles-item time"
      >
        <h4
          className="MuiTypography-root MuiTypography-h4 label css-15yyl88-MuiTypography-root"
        >
          time
        </h4>
        <p
          className="MuiTypography-root MuiTypography-body1 value css-pfovru-MuiTypography-root"
        >
          2021-07-13T08:00:00
        </p>
      </div>
    </div>
    <hr
      className="MuiDivider-root MuiDivider-fullWidth css-4mvhxe-MuiDivider-root"
    />
  </div>
</div>
`;
