// Jest Snapshot v1, https://goo.gl/fbAQLP

exports[`components: SingleTransaction matches snapshot 1`] = `
<div
  className="tss-16gjaz6-root"
>
  <div
    className="tss-tl6qb7-timeContainer"
  >
    <p
      className="MuiTypography-root MuiTypography-body1 value mui-pfovru-MuiTypography-root"
    >
      <div>
        hash
      </div>
    </p>
  </div>
  <div
    className="tss-13i5c2q-itemContainer"
  >
    <div
      className="tss-t67bww-itemPrimaryDetailsContainer"
    >
      <div
        className="tss-1bg95g2-item block"
      >
        <h4
          className="MuiTypography-root MuiTypography-h4 label mui-15yyl88-MuiTypography-root"
        >
          block
        </h4>
        <div>
          block
        </div>
      </div>
      <div
        className="tss-1bg95g2-item time"
      >
        <h4
          className="MuiTypography-root MuiTypography-h4 label mui-15yyl88-MuiTypography-root"
        >
          time
        </h4>
        <p
          className="MuiTypography-root MuiTypography-body1 value mui-pfovru-MuiTypography-root"
        >
          2021-07-13T08:00:00
        </p>
      </div>
    </div>
    <hr
      className="MuiDivider-root MuiDivider-fullWidth mui-4mvhxe-MuiDivider-root"
    />
  </div>
</div>
`;
