// Jest Snapshot v1, https://goo.gl/fbAQLP

exports[`components: SingleTransaction matches snapshot 1`] = `
.emotion-0 {
  margin-bottom: 16px;
  margin-top: 16px;
}

.emotion-1 {
  background: #282828;
  padding: 8px 16px;
  color: #C4C4C4;
}

.emotion-2 {
  margin: 0;
  font-size: 1rem;
  white-space: pre-wrap;
  letter-spacing: 0.5px;
  font-family: "Roboto","Helvetica","Arial",sans-serif;
  font-weight: 400;
  line-height: 1.5;
}

.emotion-3 {
  padding: 16px 16px 8px;
}

.emotion-4 {
  display: grid;
  grid-template-columns: repeat(2, 1fr);
}

@media (min-width:1280px) {
  .emotion-4 {
    grid-template-columns: repeat(4, 1fr);
  }
}

.emotion-5 {
  grid-column: 1/3;
  margin-bottom: 16px;
}

.emotion-5.messages,
.emotion-5.result {
  grid-column: auto/span 1;
}

.emotion-5 .label {
  margin-bottom: 8px;
  color: #818181;
}

.emotion-5 p.value {
  color: #C4C4C4;
}

.emotion-5 a {
  color: #0075FF;
}

@media (min-width:768px) {
  .emotion-5 {
    grid-column: auto/span 1;
  }
}

.emotion-6 {
  margin: 0;
  font-size: 1rem;
  letter-spacing: 0.15px;
  font-family: "Roboto","Helvetica","Arial",sans-serif;
  font-weight: 400;
  line-height: 1.235;
}

.emotion-10 {
  margin: 0;
  -webkit-flex-shrink: 0;
  -ms-flex-negative: 0;
  flex-shrink: 0;
  border-width: 0;
  border-style: solid;
  border-color: #707070;
  border-bottom-width: thin;
}

<div
  className="emotion-0"
>
  <div
    className="emotion-1"
  >
    <p
      className="MuiTypography-root MuiTypography-body1 value emotion-2"
    >
      <div>
        hash
      </div>
    </p>
  </div>
  <div
    className="emotion-3"
  >
    <div
      className="emotion-4"
    >
      <div
        className="emotion-5 block"
      >
        <h4
          className="MuiTypography-root MuiTypography-h4 label emotion-6"
        >
          block
        </h4>
        <div>
          block
        </div>
      </div>
      <div
        className="emotion-5 time"
      >
        <h4
          className="MuiTypography-root MuiTypography-h4 label emotion-6"
        >
          time
        </h4>
        <p
          className="MuiTypography-root MuiTypography-body1 value emotion-2"
        >
          2021-07-13T08:00:00
        </p>
      </div>
    </div>
    <hr
      className="MuiDivider-root MuiDivider-fullWidth emotion-10"
    />
  </div>
</div>
`;
