// Jest Snapshot v1, https://goo.gl/fbAQLP

exports[`screen: Validators/List matches snapshot 1`] = `
<div
  exists={true}
  id="LoadAndExist"
  loading={false}
>
  <div
    className=""
    id="Box"
  >
    <div
      handleSearch={[Function]}
      handleTabChange={[Function]}
      id="Tabs"
      tab={0}
      validatorCount={
        Array [
          "1",
          "0",
          "0",
        ]
      }
    />
    <div
      className="makeStyles-list"
    />
  </div>
</div>
`;
