// Jest Snapshot v1, https://goo.gl/fbAQLP

exports[`screen: TransactionDetails/MsgSend matches snapshot 1`] = `
<div>
  <p
    className="MuiTypography-root MuiTypography-body1"
  >
    <div
      components={
        Array [
          <Name
            address="address"
            name="address"
          />,
          <b />,
        ]
      }
      i18nKey="message_contents:txMultisendContentOne"
      id="message_contents:txMultisendContentOne"
      values={
        Object {
          "amount": "20,000,000 UDARIC",
        }
      }
    />
  </p>
  <div
    className="makeStyles-multisend"
  >
    <p
      className="MuiTypography-root MuiTypography-body1"
    >
      <div
        components={
          Array [
            <Name
              address="output1"
              name="output1"
            />,
            <b />,
          ]
        }
        i18nKey="message_contents:txMultisendContentTwo"
        id="message_contents:txMultisendContentTwo"
        values={
          Object {
            "amount": "19,000,000 UDARIC",
          }
        }
      />
    </p>
    <p
      className="MuiTypography-root MuiTypography-body1"
    >
      <div
        components={
          Array [
            <Name
              address="output2"
              name="output2"
            />,
            <b />,
          ]
        }
        i18nKey="message_contents:txMultisendContentTwo"
        id="message_contents:txMultisendContentTwo"
        values={
          Object {
            "amount": "1,000,000 UDARIC",
          }
        }
      />
    </p>
  </div>
</div>
`;
